Archive member included to satisfy reference by file (symbol)

C:/ST/STM32CubeIDE_1.14.0/STM32CubeIDE/plugins/com.st.stm32cube.ide.mcu.externaltools.gnu-tools-for-stm32.11.3.rel1.win32_1.1.100.202309141235/tools/bin/../lib/gcc/arm-none-eabi/11.3.1/../../../../arm-none-eabi/lib/thumb/v7e-m+fp/hard\libc_nano.a(libc_a-assert.o)
                              ./Core/Src/mrubyc/alloc.o (__assert_func)
C:/ST/STM32CubeIDE_1.14.0/STM32CubeIDE/plugins/com.st.stm32cube.ide.mcu.externaltools.gnu-tools-for-stm32.11.3.rel1.win32_1.1.100.202309141235/tools/bin/../lib/gcc/arm-none-eabi/11.3.1/../../../../arm-none-eabi/lib/thumb/v7e-m+fp/hard\libc_nano.a(libc_a-atof.o)
                              ./Core/Src/mrubyc/c_string.o (atof)
C:/ST/STM32CubeIDE_1.14.0/STM32CubeIDE/plugins/com.st.stm32cube.ide.mcu.externaltools.gnu-tools-for-stm32.11.3.rel1.win32_1.1.100.202309141235/tools/bin/../lib/gcc/arm-none-eabi/11.3.1/../../../../arm-none-eabi/lib/thumb/v7e-m+fp/hard\libc_nano.a(libc_a-atol.o)
                              ./Core/Src/mrubyc/c_object.o (atol)
C:/ST/STM32CubeIDE_1.14.0/STM32CubeIDE/plugins/com.st.stm32cube.ide.mcu.externaltools.gnu-tools-for-stm32.11.3.rel1.win32_1.1.100.202309141235/tools/bin/../lib/gcc/arm-none-eabi/11.3.1/../../../../arm-none-eabi/lib/thumb/v7e-m+fp/hard\libc_nano.a(libc_a-exit.o)
                              C:/ST/STM32CubeIDE_1.14.0/STM32CubeIDE/plugins/com.st.stm32cube.ide.mcu.externaltools.gnu-tools-for-stm32.11.3.rel1.win32_1.1.100.202309141235/tools/bin/../lib/gcc/arm-none-eabi/11.3.1/../../../../arm-none-eabi/lib/thumb/v7e-m+fp/hard/crt0.o (exit)
C:/ST/STM32CubeIDE_1.14.0/STM32CubeIDE/plugins/com.st.stm32cube.ide.mcu.externaltools.gnu-tools-for-stm32.11.3.rel1.win32_1.1.100.202309141235/tools/bin/../lib/gcc/arm-none-eabi/11.3.1/../../../../arm-none-eabi/lib/thumb/v7e-m+fp/hard\libc_nano.a(libc_a-strtod.o)
                              C:/ST/STM32CubeIDE_1.14.0/STM32CubeIDE/plugins/com.st.stm32cube.ide.mcu.externaltools.gnu-tools-for-stm32.11.3.rel1.win32_1.1.100.202309141235/tools/bin/../lib/gcc/arm-none-eabi/11.3.1/../../../../arm-none-eabi/lib/thumb/v7e-m+fp/hard\libc_nano.a(libc_a-atof.o) (strtod)
C:/ST/STM32CubeIDE_1.14.0/STM32CubeIDE/plugins/com.st.stm32cube.ide.mcu.externaltools.gnu-tools-for-stm32.11.3.rel1.win32_1.1.100.202309141235/tools/bin/../lib/gcc/arm-none-eabi/11.3.1/../../../../arm-none-eabi/lib/thumb/v7e-m+fp/hard\libc_nano.a(libc_a-strtol.o)
                              C:/ST/STM32CubeIDE_1.14.0/STM32CubeIDE/plugins/com.st.stm32cube.ide.mcu.externaltools.gnu-tools-for-stm32.11.3.rel1.win32_1.1.100.202309141235/tools/bin/../lib/gcc/arm-none-eabi/11.3.1/../../../../arm-none-eabi/lib/thumb/v7e-m+fp/hard\libc_nano.a(libc_a-atol.o) (_strtol_r)
C:/ST/STM32CubeIDE_1.14.0/STM32CubeIDE/plugins/com.st.stm32cube.ide.mcu.externaltools.gnu-tools-for-stm32.11.3.rel1.win32_1.1.100.202309141235/tools/bin/../lib/gcc/arm-none-eabi/11.3.1/../../../../arm-none-eabi/lib/thumb/v7e-m+fp/hard\libc_nano.a(libc_a-ctype_.o)
                              C:/ST/STM32CubeIDE_1.14.0/STM32CubeIDE/plugins/com.st.stm32cube.ide.mcu.externaltools.gnu-tools-for-stm32.11.3.rel1.win32_1.1.100.202309141235/tools/bin/../lib/gcc/arm-none-eabi/11.3.1/../../../../arm-none-eabi/lib/thumb/v7e-m+fp/hard\libc_nano.a(libc_a-strtol.o) (_ctype_)
C:/ST/STM32CubeIDE_1.14.0/STM32CubeIDE/plugins/com.st.stm32cube.ide.mcu.externaltools.gnu-tools-for-stm32.11.3.rel1.win32_1.1.100.202309141235/tools/bin/../lib/gcc/arm-none-eabi/11.3.1/../../../../arm-none-eabi/lib/thumb/v7e-m+fp/hard\libc_nano.a(libc_a-findfp.o)
                              C:/ST/STM32CubeIDE_1.14.0/STM32CubeIDE/plugins/com.st.stm32cube.ide.mcu.externaltools.gnu-tools-for-stm32.11.3.rel1.win32_1.1.100.202309141235/tools/bin/../lib/gcc/arm-none-eabi/11.3.1/../../../../arm-none-eabi/lib/thumb/v7e-m+fp/hard\libc_nano.a(libc_a-exit.o) (__stdio_exit_handler)
C:/ST/STM32CubeIDE_1.14.0/STM32CubeIDE/plugins/com.st.stm32cube.ide.mcu.externaltools.gnu-tools-for-stm32.11.3.rel1.win32_1.1.100.202309141235/tools/bin/../lib/gcc/arm-none-eabi/11.3.1/../../../../arm-none-eabi/lib/thumb/v7e-m+fp/hard\libc_nano.a(libc_a-fprintf.o)
                              C:/ST/STM32CubeIDE_1.14.0/STM32CubeIDE/plugins/com.st.stm32cube.ide.mcu.externaltools.gnu-tools-for-stm32.11.3.rel1.win32_1.1.100.202309141235/tools/bin/../lib/gcc/arm-none-eabi/11.3.1/../../../../arm-none-eabi/lib/thumb/v7e-m+fp/hard\libc_nano.a(libc_a-assert.o) (fiprintf)
C:/ST/STM32CubeIDE_1.14.0/STM32CubeIDE/plugins/com.st.stm32cube.ide.mcu.externaltools.gnu-tools-for-stm32.11.3.rel1.win32_1.1.100.202309141235/tools/bin/../lib/gcc/arm-none-eabi/11.3.1/../../../../arm-none-eabi/lib/thumb/v7e-m+fp/hard\libc_nano.a(libc_a-fwalk.o)
[...]
Memory Configuration

Name             Origin             Length             Attributes
RAM              0x0000000020000000 0x0000000000018000 xrw
FLASH            0x0000000008000000 0x0000000000080000 xr
*default*        0x0000000000000000 0xffffffffffffffff

Linker script and memory map

LOAD C:/ST/STM32CubeIDE_1.14.0/STM32CubeIDE/plugins/com.st.stm32cube.ide.mcu.externaltools.gnu-tools-for-stm32.11.3.rel1.win32_1.1.100.202309141235/tools/bin/../lib/gcc/arm-none-eabi/11.3.1/thumb/v7e-m+fp/hard/crti.o
LOAD C:/ST/STM32CubeIDE_1.14.0/STM32CubeIDE/plugins/com.st.stm32cube.ide.mcu.externaltools.gnu-tools-for-stm32.11.3.rel1.win32_1.1.100.202309141235/tools/bin/../lib/gcc/arm-none-eabi/11.3.1/thumb/v7e-m+fp/hard/crtbegin.o
LOAD C:/ST/STM32CubeIDE_1.14.0/STM32CubeIDE/plugins/com.st.stm32cube.ide.mcu.externaltools.gnu-tools-for-stm32.11.3.rel1.win32_1.1.100.202309141235/tools/bin/../lib/gcc/arm-none-eabi/11.3.1/../../../../arm-none-eabi/lib/thumb/v7e-m+fp/hard/crt0.o
LOAD ./Core/Src/main.o
LOAD ./Core/Src/mrubyc.o
LOAD ./Core/Src/sample_include_bytecode.o
LOAD ./Core/Src/stm32f4xx_hal_msp.o
LOAD ./Core/Src/stm32f4xx_it.o
LOAD ./Core/Src/syscalls.o
LOAD ./Core/Src/sysmem.o
LOAD ./Core/Src/system_stm32f4xx.o
LOAD ./Core/Src/mrubyc/alloc.o
LOAD ./Core/Src/mrubyc/c_array.o
LOAD ./Core/Src/mrubyc/c_hash.o
LOAD ./Core/Src/mrubyc/c_math.o
LOAD ./Core/Src/mrubyc/c_numeric.o
LOAD ./Core/Src/mrubyc/c_object.o
LOAD ./Core/Src/mrubyc/c_range.o
LOAD ./Core/Src/mrubyc/c_string.o
LOAD ./Core/Src/mrubyc/class.o
LOAD ./Core/Src/mrubyc/console.o
LOAD ./Core/Src/mrubyc/error.o
LOAD ./Core/Src/mrubyc/global.o
LOAD ./Core/Src/mrubyc/hal.o
LOAD ./Core/Src/mrubyc/keyvalue.o
LOAD ./Core/Src/mrubyc/load.o
LOAD ./Core/Src/mrubyc/mrblib.o
LOAD ./Core/Src/mrubyc/rrt0.o
LOAD ./Core/Src/mrubyc/symbol.o
LOAD ./Core/Src/mrubyc/value.o
LOAD ./Core/Src/mrubyc/vm.o
LOAD ./Core/Startup/startup_stm32f401retx.o
LOAD ./Drivers/STM32F4xx_HAL_Driver/Src/stm32f4xx_hal.o
LOAD ./Drivers/STM32F4xx_HAL_Driver/Src/stm32f4xx_hal_cortex.o
LOAD ./Drivers/STM32F4xx_HAL_Driver/Src/stm32f4xx_hal_dma.o
LOAD ./Drivers/STM32F4xx_HAL_Driver/Src/stm32f4xx_hal_dma_ex.o
LOAD ./Drivers/STM32F4xx_HAL_Driver/Src/stm32f4xx_hal_exti.o
LOAD ./Drivers/STM32F4xx_HAL_Driver/Src/stm32f4xx_hal_flash.o
LOAD ./Drivers/STM32F4xx_HAL_Driver/Src/stm32f4xx_hal_flash_ex.o
LOAD ./Drivers/STM32F4xx_HAL_Driver/Src/stm32f4xx_hal_flash_ramfunc.o
LOAD ./Drivers/STM32F4xx_HAL_Driver/Src/stm32f4xx_hal_gpio.o
LOAD ./Drivers/STM32F4xx_HAL_Driver/Src/stm32f4xx_hal_pwr.o
LOAD ./Drivers/STM32F4xx_HAL_Driver/Src/stm32f4xx_hal_pwr_ex.o
LOAD ./Drivers/STM32F4xx_HAL_Driver/Src/stm32f4xx_hal_rcc.o
LOAD ./Drivers/STM32F4xx_HAL_Driver/Src/stm32f4xx_hal_rcc_ex.o
LOAD ./Drivers/STM32F4xx_HAL_Driver/Src/stm32f4xx_hal_tim.o
LOAD ./Drivers/STM32F4xx_HAL_Driver/Src/stm32f4xx_hal_tim_ex.o
LOAD ./Drivers/STM32F4xx_HAL_Driver/Src/stm32f4xx_hal_uart.o
START GROUP
LOAD C:/ST/STM32CubeIDE_1.14.0/STM32CubeIDE/plugins/com.st.stm32cube.ide.mcu.externaltools.gnu-tools-for-stm32.11.3.rel1.win32_1.1.100.202309141235/tools/bin/../lib/gcc/arm-none-eabi/11.3.1/../../../../arm-none-eabi/lib/thumb/v7e-m+fp/hard\libc_nano.a
LOAD C:/ST/STM32CubeIDE_1.14.0/STM32CubeIDE/plugins/com.st.stm32cube.ide.mcu.externaltools.gnu-tools-for-stm32.11.3.rel1.win32_1.1.100.202309141235/tools/bin/../lib/gcc/arm-none-eabi/11.3.1/../../../../arm-none-eabi/lib/thumb/v7e-m+fp/hard\libm.a
END GROUP
START GROUP
LOAD C:/ST/STM32CubeIDE_1.14.0/STM32CubeIDE/plugins/com.st.stm32cube.ide.mcu.externaltools.gnu-tools-for-stm32.11.3.rel1.win32_1.1.100.202309141235/tools/bin/../lib/gcc/arm-none-eabi/11.3.1/thumb/v7e-m+fp/hard\libgcc.a
LOAD C:/ST/STM32CubeIDE_1.14.0/STM32CubeIDE/plugins/com.st.stm32cube.ide.mcu.externaltools.gnu-tools-for-stm32.11.3.rel1.win32_1.1.100.202309141235/tools/bin/../lib/gcc/arm-none-eabi/11.3.1/../../../../arm-none-eabi/lib/thumb/v7e-m+fp/hard\libc_nano.a
END GROUP
START GROUP
LOAD C:/ST/STM32CubeIDE_1.14.0/STM32CubeIDE/plugins/com.st.stm32cube.ide.mcu.externaltools.gnu-tools-for-stm32.11.3.rel1.win32_1.1.100.202309141235/tools/bin/../lib/gcc/arm-none-eabi/11.3.1/thumb/v7e-m+fp/hard\libgcc.a
LOAD C:/ST/STM32CubeIDE_1.14.0/STM32CubeIDE/plugins/com.st.stm32cube.ide.mcu.externaltools.gnu-tools-for-stm32.11.3.rel1.win32_1.1.100.202309141235/tools/bin/../lib/gcc/arm-none-eabi/11.3.1/../../../../arm-none-eabi/lib/thumb/v7e-m+fp/hard\libc_nano.a
LOAD C:/ST/STM32CubeIDE_1.14.0/STM32CubeIDE/plugins/com.st.stm32cube.ide.mcu.externaltools.gnu-tools-for-stm32.11.3.rel1.win32_1.1.100.202309141235/tools/bin/../lib/gcc/arm-none-eabi/11.3.1/../../../../arm-none-eabi/lib/thumb/v7e-m+fp/hard\libnosys.a
END GROUP
START GROUP
LOAD C:/ST/STM32CubeIDE_1.14.0/STM32CubeIDE/plugins/com.st.stm32cube.ide.mcu.externaltools.gnu-tools-for-stm32.11.3.rel1.win32_1.1.100.202309141235/tools/bin/../lib/gcc/arm-none-eabi/11.3.1/thumb/v7e-m+fp/hard\libgcc.a
LOAD C:/ST/STM32CubeIDE_1.14.0/STM32CubeIDE/plugins/com.st.stm32cube.ide.mcu.externaltools.gnu-tools-for-stm32.11.3.rel1.win32_1.1.100.202309141235/tools/bin/../lib/gcc/arm-none-eabi/11.3.1/../../../../arm-none-eabi/lib/thumb/v7e-m+fp/hard\libc_nano.a
LOAD C:/ST/STM32CubeIDE_1.14.0/STM32CubeIDE/plugins/com.st.stm32cube.ide.mcu.externaltools.gnu-tools-for-stm32.11.3.rel1.win32_1.1.100.202309141235/tools/bin/../lib/gcc/arm-none-eabi/11.3.1/../../../../arm-none-eabi/lib/thumb/v7e-m+fp/hard\libnosys.a
END GROUP
LOAD C:/ST/STM32CubeIDE_1.14.0/STM32CubeIDE/plugins/com.st.stm32cube.ide.mcu.externaltools.gnu-tools-for-stm32.11.3.rel1.win32_1.1.100.202309141235/tools/bin/../lib/gcc/arm-none-eabi/11.3.1/thumb/v7e-m+fp/hard/crtend.o
LOAD C:/ST/STM32CubeIDE_1.14.0/STM32CubeIDE/plugins/com.st.stm32cube.ide.mcu.externaltools.gnu-tools-for-stm32.11.3.rel1.win32_1.1.100.202309141235/tools/bin/../lib/gcc/arm-none-eabi/11.3.1/thumb/v7e-m+fp/hard/crtn.o
                0x0000000020018000                _estack = (ORIGIN (RAM) + LENGTH (RAM))
                0x0000000000000200                _Min_Heap_Size = 0x200
                0x0000000000000400                _Min_Stack_Size = 0x400

.isr_vector     0x0000000008000000      0x194
                0x0000000008000000                . = ALIGN (0x4)
 *(.isr_vector)
 .isr_vector    0x0000000008000000      0x194 ./Core/Startup/startup_stm32f401retx.o
                0x0000000008000000                g_pfnVectors
                0x0000000008000194                . = ALIGN (0x4)

.text           0x00000000080001a0    0x18574
                0x00000000080001a0                . = ALIGN (0x4)
 *(.text)
 .text          0x00000000080001a0       0x40 C:/ST/STM32CubeIDE_1.14.0/STM32CubeIDE/plugins/com.st.stm32cube.ide.mcu.externaltools.gnu-tools-for-stm32.11.3.rel1.win32_1.1.100.202309141235/tools/bin/../lib/gcc/arm-none-eabi/11.3.1/thumb/v7e-m+fp/hard/crtbegin.o
 .text          0x00000000080001e0       0x14 C:/ST/STM32CubeIDE_1.14.0/STM32CubeIDE/plugins/com.st.stm32cube.ide.mcu.externaltools.gnu-tools-for-stm32.11.3.rel1.win32_1.1.100.202309141235/tools/bin/../lib/gcc/arm-none-eabi/11.3.1/../../../../arm-none-eabi/lib/thumb/v7e-m+fp/hard\libc_nano.a(libc_a-strcmp.o)
                0x00000000080001e0                strcmp
 .text          0x00000000080001f4       0x10 C:/ST/STM32CubeIDE_1.14.0/STM32CubeIDE/plugins/com.st.stm32cube.ide.mcu.externaltools.gnu-tools-for-stm32.11.3.rel1.win32_1.1.100.202309141235/tools/bin/../lib/gcc/arm-none-eabi/11.3.1/../../../../arm-none-eabi/lib/thumb/v7e-m+fp/hard\libc_nano.a(libc_a-strlen.o)
                0x00000000080001f4                strlen
 *fill*         0x0000000008000204        0xc 
 .text          0x0000000008000210       0xa0 C:/ST/STM32CubeIDE_1.14.0/STM32CubeIDE/plugins/com.st.stm32cube.ide.mcu.externaltools.gnu-tools-for-stm32.11.3.rel1.win32_1.1.100.202309141235/tools/bin/../lib/gcc/arm-none-eabi/11.3.1/../../../../arm-none-eabi/lib/thumb/v7e-m+fp/hard\libc_nano.a(libc_a-memchr.o)
                0x0000000008000210                memchr
 .text          0x00000000080002b0      0x378 C:/ST/STM32CubeIDE_1.14.0/STM32CubeIDE/plugins/com.st.stm32cube.ide.mcu.externaltools.gnu-tools-for-stm32.11.3.rel1.win32_1.1.100.202309141235/tools/bin/../lib/gcc/arm-none-eabi/11.3.1/thumb/v7e-m+fp/hard\libgcc.a(_arm_addsubdf3.o)
                0x00000000080002b0                __aeabi_drsub
                0x00000000080002b8                __aeabi_dsub
                0x00000000080002b8                __subdf3
                0x00000000080002bc                __aeabi_dadd
                0x00000000080002bc                __adddf3
                0x0000000008000534                __floatunsidf
                0x0000000008000534                __aeabi_ui2d
                0x0000000008000554                __floatsidf
                0x0000000008000554                __aeabi_i2d
                0x0000000008000578                __aeabi_f2d
                0x0000000008000578                __extendsfdf2
                0x00000000080005bc                __floatundidf
                0x00000000080005bc                __aeabi_ul2d
                0x00000000080005cc                __floatdidf
                0x00000000080005cc                __aeabi_l2d
 .text          0x0000000008000628      0x424 C:/ST/STM32CubeIDE_1.14.0/STM32CubeIDE/plugins/com.st.stm32cube.ide.mcu.externaltools.gnu-tools-for-stm32.11.3.rel1.win32_1.1.100.202309141235/tools/bin/../lib/gcc/arm-none-eabi/11.3.1/thumb/v7e-m+fp/hard\libgcc.a(_arm_muldivdf3.o)
                0x0000000008000628                __aeabi_dmul
                0x0000000008000628                __muldf3
                0x000000000800087c                __divdf3
                0x000000000800087c                __aeabi_ddiv
 .text          0x0000000008000a4c      0x110 C:/ST/STM32CubeIDE_1.14.0/STM32CubeIDE/plugins/com.st.stm32cube.ide.mcu.externaltools.gnu-tools-for-stm32.11.3.rel1.win32_1.1.100.202309141235/tools/bin/../lib/gcc/arm-none-eabi/11.3.1/thumb/v7e-m+fp/hard\libgcc.a(_arm_cmpdf2.o)
                0x0000000008000a4c                __gtdf2
                0x0000000008000a4c                __gedf2
                0x0000000008000a54                __ltdf2
                0x0000000008000a54                __ledf2
                0x0000000008000a5c                __nedf2
                0x0000000008000a5c                __eqdf2
                0x0000000008000a5c                __cmpdf2
                0x0000000008000ad8                __aeabi_cdrcmple
                0x0000000008000ae8                __aeabi_cdcmpeq
                0x0000000008000ae8                __aeabi_cdcmple
                0x0000000008000af8                __aeabi_dcmpeq
                0x0000000008000b0c                __aeabi_dcmplt
                0x0000000008000b20                __aeabi_dcmple
                0x0000000008000b34                __aeabi_dcmpge
                0x0000000008000b48                __aeabi_dcmpgt
 .text          0x0000000008000b5c       0x50 C:/ST/STM32CubeIDE_1.14.0/STM32CubeIDE/plugins/com.st.stm32cube.ide.mcu.externaltools.gnu-tools-for-stm32.11.3.rel1.win32_1.1.100.202309141235/tools/bin/../lib/gcc/arm-none-eabi/11.3.1/thumb/v7e-m+fp/hard\libgcc.a(_arm_fixdfsi.o)
                0x0000000008000b5c                __aeabi_d2iz
                0x0000000008000b5c                __fixdfsi
 .text          0x0000000008000bac       0x40 C:/ST/STM32CubeIDE_1.14.0/STM32CubeIDE/plugins/com.st.stm32cube.ide.mcu.externaltools.gnu-tools-for-stm32.11.3.rel1.win32_1.1.100.202309141235/tools/bin/../lib/gcc/arm-none-eabi/11.3.1/thumb/v7e-m+fp/hard\libgcc.a(_arm_fixunsdfsi.o)
                0x0000000008000bac                __aeabi_d2uiz
                0x0000000008000bac                __fixunsdfsi
 .text          0x0000000008000bec       0x30 C:/ST/STM32CubeIDE_1.14.0/STM32CubeIDE/plugins/com.st.stm32cube.ide.mcu.externaltools.gnu-tools-for-stm32.11.3.rel1.win32_1.1.100.202309141235/tools/bin/../lib/gcc/arm-none-eabi/11.3.1/thumb/v7e-m+fp/hard\libgcc.a(_aeabi_uldivmod.o)
                0x0000000008000bec                __aeabi_uldivmod
 .text          0x0000000008000c1c       0x30 C:/ST/STM32CubeIDE_1.14.0/STM32CubeIDE/plugins/com.st.stm32cube.ide.mcu.externaltools.gnu-tools-for-stm32.11.3.rel1.win32_1.1.100.202309141235/tools/bin/../lib/gcc/arm-none-eabi/11.3.1/thumb/v7e-m+fp/hard\libgcc.a(_fixdfdi.o)
                0x0000000008000c1c                __fixdfdi
                0x0000000008000c1c                __aeabi_d2lz
 .text          0x0000000008000c4c       0x3c C:/ST/STM32CubeIDE_1.14.0/STM32CubeIDE/plugins/com.st.stm32cube.ide.mcu.externaltools.gnu-tools-for-stm32.11.3.rel1.win32_1.1.100.202309141235/tools/bin/../lib/gcc/arm-none-eabi/11.3.1/thumb/v7e-m+fp/hard\libgcc.a(_fixunsdfdi.o)
                0x0000000008000c4c                __fixunsdfdi
                0x0000000008000c4c                __aeabi_d2ulz
 .text          0x0000000008000c88      0x2c8 C:/ST/STM32CubeIDE_1.14.0/STM32CubeIDE/plugins/com.st.stm32cube.ide.mcu.externaltools.gnu-tools-for-stm32.11.3.rel1.win32_1.1.100.202309141235/tools/bin/../lib/gcc/arm-none-eabi/11.3.1/thumb/v7e-m+fp/hard\libgcc.a(_udivmoddi4.o)
                0x0000000008000c88                __udivmoddi4
 .text          0x0000000008000f50        0x4 C:/ST/STM32CubeIDE_1.14.0/STM32CubeIDE/plugins/com.st.stm32cube.ide.mcu.externaltools.gnu-tools-for-stm32.11.3.rel1.win32_1.1.100.202309141235/tools/bin/../lib/gcc/arm-none-eabi/11.3.1/thumb/v7e-m+fp/hard\libgcc.a(_dvmd_tls.o)
                0x0000000008000f50                __aeabi_idiv0
                0x0000000008000f50                __aeabi_ldiv0
 *(.text*)
 .text.main     0x0000000008000f54       0x50 ./Core/Src/main.o
                0x0000000008000f54                main
 .text.SystemClock_Config
                0x0000000008000fa4       0xd8 ./Core/Src/main.o
                0x0000000008000fa4                SystemClock_Config
 .text.MX_TIM2_Init
                0x000000000800107c       0x98 ./Core/Src/main.o
 .text.MX_USART2_UART_Init
                0x0000000008001114       0x54 ./Core/Src/main.o
 .text.MX_GPIO_Init
                0x0000000008001168       0xdc ./Core/Src/main.o
 .text.Error_Handler
                0x0000000008001244        0xa ./Core/Src/main.o
                0x0000000008001244                Error_Handler
 *fill*         0x000000000800124e        0x2 
 .text.c_object_led
                0x0000000008001250       0x2c ./Core/Src/mrubyc.o
 .text.start_mrubyc
                0x000000000800127c       0x54 ./Core/Src/mrubyc.o
                0x000000000800127c                start_mrubyc
 .text.HAL_MspInit
                0x00000000080012d0       0x50 ./Core/Src/stm32f4xx_hal_msp.o
                0x00000000080012d0                HAL_MspInit
 .text.HAL_TIM_Base_MspInit
                0x0000000008001320       0x4c ./Core/Src/stm32f4xx_hal_msp.o
                0x0000000008001320                HAL_TIM_Base_MspInit
 .text.HAL_UART_MspInit
                0x000000000800136c       0x90 ./Core/Src/stm32f4xx_hal_msp.o
                0x000000000800136c                HAL_UART_MspInit
 .text.NMI_Handler
                0x00000000080013fc        0x6 ./Core/Src/stm32f4xx_it.o
                0x00000000080013fc                NMI_Handler
 .text.HardFault_Handler
                0x0000000008001402        0x6 ./Core/Src/stm32f4xx_it.o
                0x0000000008001402                HardFault_Handler
 .text.MemManage_Handler
                0x0000000008001408        0x6 ./Core/Src/stm32f4xx_it.o
                0x0000000008001408                MemManage_Handler
 .text.BusFault_Handler
                0x000000000800140e        0x6 ./Core/Src/stm32f4xx_it.o
                0x000000000800140e                BusFault_Handler
 .text.UsageFault_Handler
                0x0000000008001414        0x6 ./Core/Src/stm32f4xx_it.o
                0x0000000008001414                UsageFault_Handler
 .text.SVC_Handler
                0x000000000800141a        0xe ./Core/Src/stm32f4xx_it.o
                0x000000000800141a                SVC_Handler
 .text.DebugMon_Handler
                0x0000000008001428        0xe ./Core/Src/stm32f4xx_it.o
                0x0000000008001428                DebugMon_Handler
 .text.PendSV_Handler
                0x0000000008001436        0xe ./Core/Src/stm32f4xx_it.o
                0x0000000008001436                PendSV_Handler
 .text.SysTick_Handler
                0x0000000008001444        0xc ./Core/Src/stm32f4xx_it.o
                0x0000000008001444                SysTick_Handler
 .text.TIM2_IRQHandler
                0x0000000008001450       0x14 ./Core/Src/stm32f4xx_it.o
                0x0000000008001450                TIM2_IRQHandler
 .text._getpid  0x0000000008001464       0x10 ./Core/Src/syscalls.o
                0x0000000008001464                _getpid
 .text._kill    0x0000000008001474       0x20 ./Core/Src/syscalls.o
                0x0000000008001474                _kill
 .text._exit    0x0000000008001494       0x14 ./Core/Src/syscalls.o
                0x0000000008001494                _exit
 .text._read    0x00000000080014a8       0x3a ./Core/Src/syscalls.o
                0x00000000080014a8                _read
 .text._write   0x00000000080014e2       0x38 ./Core/Src/syscalls.o
                0x00000000080014e2                _write
 .text._close   0x000000000800151a       0x18 ./Core/Src/syscalls.o
                0x000000000800151a                _close
 .text._fstat   0x0000000008001532       0x20 ./Core/Src/syscalls.o
                0x0000000008001532                _fstat
 .text._isatty  0x0000000008001552       0x16 ./Core/Src/syscalls.o
                0x0000000008001552                _isatty
 .text._lseek   0x0000000008001568       0x1a ./Core/Src/syscalls.o
                0x0000000008001568                _lseek
 *fill*         0x0000000008001582        0x2 
 .text._sbrk    0x0000000008001584       0x6c ./Core/Src/sysmem.o
                0x0000000008001584                _sbrk
 .text.SystemInit
                0x00000000080015f0       0x24 ./Core/Src/system_stm32f4xx.o
                0x00000000080015f0                SystemInit
 .text.nlz16    0x0000000008001614       0x72 ./Core/Src/mrubyc/alloc.o
 .text.nlz8     0x0000000008001686       0x5c ./Core/Src/mrubyc/alloc.o
 *fill*         0x00000000080016e2        0x2 
 .text.calc_index
                0x00000000080016e4       0x94 ./Core/Src/mrubyc/alloc.o
 .text.add_free_block
                0x0000000008001778       0xec ./Core/Src/mrubyc/alloc.o
 .text.remove_free_block
                0x0000000008001864       0xc8 ./Core/Src/mrubyc/alloc.o
 .text.split_block
                0x000000000800192c       0x78 ./Core/Src/mrubyc/alloc.o
 .text.merge_block
                0x00000000080019a4       0x48 ./Core/Src/mrubyc/alloc.o
 .text.mrbc_init_alloc
                0x00000000080019ec       0xb8 ./Core/Src/mrubyc/alloc.o
                0x00000000080019ec                mrbc_init_alloc
 .text.mrbc_raw_alloc
                0x0000000008001aa4      0x2c0 ./Core/Src/mrubyc/alloc.o
                0x0000000008001aa4                mrbc_raw_alloc
 .text.mrbc_raw_alloc_no_free
                0x0000000008001d64       0xf8 ./Core/Src/mrubyc/alloc.o
                0x0000000008001d64                mrbc_raw_alloc_no_free
 .text.mrbc_raw_free
                0x0000000008001e5c      0x138 ./Core/Src/mrubyc/alloc.o
                0x0000000008001e5c                mrbc_raw_free
 .text.mrbc_raw_realloc
                0x0000000008001f94      0x138 ./Core/Src/mrubyc/alloc.o
                0x0000000008001f94                mrbc_raw_realloc
 .text.mrbc_alloc_statistics
                0x00000000080020cc       0xc0 ./Core/Src/mrubyc/alloc.o
                0x00000000080020cc                mrbc_alloc_statistics
 .text.mrbc_incref
                0x000000000800218c       0x68 ./Core/Src/mrubyc/c_array.o
 .text.mrbc_decref
                0x00000000080021f4       0x8c ./Core/Src/mrubyc/c_array.o
 .text.mrbc_decref_empty
                0x0000000008002280       0x1c ./Core/Src/mrubyc/c_array.o
 .text.mrbc_string_new_cstr
                0x000000000800229c       0x30 ./Core/Src/mrubyc/c_array.o
 .text.mrbc_string_append_cstr
                0x00000000080022cc       0x26 ./Core/Src/mrubyc/c_array.o
 .text.mrbc_array_size
                0x00000000080022f2       0x1a ./Core/Src/mrubyc/c_array.o
 .text.mrbc_array_delete_handle
                0x000000000800230c       0x26 ./Core/Src/mrubyc/c_array.o
 .text.mrbc_array_new
                0x0000000008002332       0xa4 ./Core/Src/mrubyc/c_array.o
                0x0000000008002332                mrbc_array_new
 .text.mrbc_array_delete
                0x00000000080023d6       0x46 ./Core/Src/mrubyc/c_array.o
                0x00000000080023d6                mrbc_array_delete
 .text.mrbc_array_resize
                0x000000000800241c       0x44 ./Core/Src/mrubyc/c_array.o
                0x000000000800241c                mrbc_array_resize
 .text.mrbc_array_set
                0x0000000008002460       0xc8 ./Core/Src/mrubyc/c_array.o
                0x0000000008002460                mrbc_array_set
 .text.mrbc_array_get
                0x0000000008002528       0x6a ./Core/Src/mrubyc/c_array.o
                0x0000000008002528                mrbc_array_get
 .text.mrbc_array_push
                0x0000000008002592       0x5e ./Core/Src/mrubyc/c_array.o
                0x0000000008002592                mrbc_array_push
 .text.mrbc_array_push_m
                0x00000000080025f0       0x78 ./Core/Src/mrubyc/c_array.o
                0x00000000080025f0                mrbc_array_push_m
 .text.mrbc_array_pop
                0x0000000008002668       0x5a ./Core/Src/mrubyc/c_array.o
                0x0000000008002668                mrbc_array_pop
 .text.mrbc_array_unshift
                0x00000000080026c2       0x1e ./Core/Src/mrubyc/c_array.o
                0x00000000080026c2                mrbc_array_unshift
 .text.mrbc_array_shift
                0x00000000080026e0       0x76 ./Core/Src/mrubyc/c_array.o
                0x00000000080026e0                mrbc_array_shift
 .text.mrbc_array_insert
                0x0000000008002756      0x11c ./Core/Src/mrubyc/c_array.o
                0x0000000008002756                mrbc_array_insert
 .text.mrbc_array_remove
                0x0000000008002872       0xb6 ./Core/Src/mrubyc/c_array.o
                0x0000000008002872                mrbc_array_remove
 .text.mrbc_array_clear
                0x0000000008002928       0x46 ./Core/Src/mrubyc/c_array.o
                0x0000000008002928                mrbc_array_clear
 .text.mrbc_array_compare
                0x000000000800296e       0x78 ./Core/Src/mrubyc/c_array.o
                0x000000000800296e                mrbc_array_compare
 .text.mrbc_array_minmax
                0x00000000080029e6       0xa6 ./Core/Src/mrubyc/c_array.o
                0x00000000080029e6                mrbc_array_minmax
 .text.mrbc_array_dup
                0x0000000008002a8c       0x96 ./Core/Src/mrubyc/c_array.o
                0x0000000008002a8c                mrbc_array_dup
 .text.mrbc_array_divide
                0x0000000008002b22       0xae ./Core/Src/mrubyc/c_array.o
                0x0000000008002b22                mrbc_array_divide
 .text.mrbc_array_include
                0x0000000008002bd0       0x52 ./Core/Src/mrubyc/c_array.o
                0x0000000008002bd0                mrbc_array_include
 *fill*         0x0000000008002c22        0x2 
 .text.c_array_new
                0x0000000008002c24      0x198 ./Core/Src/mrubyc/c_array.o
 .text.c_array_add
                0x0000000008002dbc       0xf4 ./Core/Src/mrubyc/c_array.o
 .text.c_array_get
                0x0000000008002eb0      0x214 ./Core/Src/mrubyc/c_array.o
 .text.c_array_set
                0x00000000080030c4      0x1c4 ./Core/Src/mrubyc/c_array.o
 .text.c_array_clear
                0x0000000008003288       0x1a ./Core/Src/mrubyc/c_array.o
 *fill*         0x00000000080032a2        0x2 
 .text.c_array_delete_at
                0x00000000080032a4       0x6c ./Core/Src/mrubyc/c_array.o
 .text.c_array_empty
                0x0000000008003310       0x3c ./Core/Src/mrubyc/c_array.o
 .text.c_array_size
                0x000000000800334c       0x32 ./Core/Src/mrubyc/c_array.o
 .text.c_array_include
                0x000000000800337e       0x3c ./Core/Src/mrubyc/c_array.o
 *fill*         0x00000000080033ba        0x2 
 .text.c_array_and
                0x00000000080033bc       0xbc ./Core/Src/mrubyc/c_array.o
 .text.c_array_or
                0x0000000008003478       0xf4 ./Core/Src/mrubyc/c_array.o
 .text.c_array_first
                0x000000000800356c       0x4e ./Core/Src/mrubyc/c_array.o
 .text.c_array_last
                0x00000000080035ba       0x50 ./Core/Src/mrubyc/c_array.o
 .text.c_array_push
                0x000000000800360a       0x28 ./Core/Src/mrubyc/c_array.o
 *fill*         0x0000000008003632        0x2 
 .text.c_array_pop
                0x0000000008003634       0xac ./Core/Src/mrubyc/c_array.o
 .text.c_array_unshift
                0x00000000080036e0       0x28 ./Core/Src/mrubyc/c_array.o
 .text.c_array_shift
                0x0000000008003708       0xdc ./Core/Src/mrubyc/c_array.o
 .text.c_array_dup
                0x00000000080037e4       0x36 ./Core/Src/mrubyc/c_array.o
 .text.c_array_min
                0x000000000800381a       0x5e ./Core/Src/mrubyc/c_array.o
 .text.c_array_max
                0x0000000008003878       0x5e ./Core/Src/mrubyc/c_array.o
 .text.c_array_minmax
                0x00000000080038d6       0xac ./Core/Src/mrubyc/c_array.o
 *fill*         0x0000000008003982        0x2 
 .text.c_array_inspect
                0x0000000008003984      0x114 ./Core/Src/mrubyc/c_array.o
 .text.c_array_join_1
                0x0000000008003a98       0xd8 ./Core/Src/mrubyc/c_array.o
 .text.c_array_join
                0x0000000008003b70       0xb4 ./Core/Src/mrubyc/c_array.o
 .text.mrbc_incref
                0x0000000008003c24       0x68 ./Core/Src/mrubyc/c_hash.o
 .text.mrbc_decref
                0x0000000008003c8c       0x8c ./Core/Src/mrubyc/c_hash.o
 .text.mrbc_string_new_cstr
                0x0000000008003d18       0x30 ./Core/Src/mrubyc/c_hash.o
 .text.mrbc_string_append_cstr
                0x0000000008003d48       0x26 ./Core/Src/mrubyc/c_hash.o
 .text.mrbc_hash_size
                0x0000000008003d6e       0x1e ./Core/Src/mrubyc/c_hash.o
 .text.mrbc_hash_iterator_new
                0x0000000008003d8c       0x40 ./Core/Src/mrubyc/c_hash.o
 .text.mrbc_hash_i_has_next
                0x0000000008003dcc       0x26 ./Core/Src/mrubyc/c_hash.o
 .text.mrbc_hash_i_next
                0x0000000008003df2       0x28 ./Core/Src/mrubyc/c_hash.o
 .text.mrbc_hash_new
                0x0000000008003e1a       0xa8 ./Core/Src/mrubyc/c_hash.o
                0x0000000008003e1a                mrbc_hash_new
 .text.mrbc_hash_delete
                0x0000000008003ec2       0x16 ./Core/Src/mrubyc/c_hash.o
                0x0000000008003ec2                mrbc_hash_delete
 .text.mrbc_hash_search
                0x0000000008003ed8       0x4c ./Core/Src/mrubyc/c_hash.o
                0x0000000008003ed8                mrbc_hash_search
 .text.mrbc_hash_search_by_id
                0x0000000008003f24       0x5a ./Core/Src/mrubyc/c_hash.o
                0x0000000008003f24                mrbc_hash_search_by_id
 .text.mrbc_hash_set
                0x0000000008003f7e       0x74 ./Core/Src/mrubyc/c_hash.o
                0x0000000008003f7e                mrbc_hash_set
 .text.mrbc_hash_get
                0x0000000008003ff2       0x4c ./Core/Src/mrubyc/c_hash.o
                0x0000000008003ff2                mrbc_hash_get
 .text.mrbc_hash_remove
                0x000000000800403e       0x8c ./Core/Src/mrubyc/c_hash.o
                0x000000000800403e                mrbc_hash_remove
 .text.mrbc_hash_remove_by_id
                0x00000000080040ca       0x86 ./Core/Src/mrubyc/c_hash.o
                0x00000000080040ca                mrbc_hash_remove_by_id
 .text.mrbc_hash_clear
                0x0000000008004150       0x16 ./Core/Src/mrubyc/c_hash.o
                0x0000000008004150                mrbc_hash_clear
 .text.mrbc_hash_compare
                0x0000000008004166       0x82 ./Core/Src/mrubyc/c_hash.o
                0x0000000008004166                mrbc_hash_compare
 .text.mrbc_hash_dup
                0x00000000080041e8       0x98 ./Core/Src/mrubyc/c_hash.o
                0x00000000080041e8                mrbc_hash_dup
 .text.c_hash_new
                0x0000000008004280       0x44 ./Core/Src/mrubyc/c_hash.o
 .text.c_hash_get
                0x00000000080042c4       0x6c ./Core/Src/mrubyc/c_hash.o
 .text.c_hash_set
                0x0000000008004330       0x50 ./Core/Src/mrubyc/c_hash.o
 .text.c_hash_clear
                0x0000000008004380       0x1a ./Core/Src/mrubyc/c_hash.o
 .text.c_hash_dup
                0x000000000800439a       0x44 ./Core/Src/mrubyc/c_hash.o
 .text.c_hash_delete
                0x00000000080043de       0x48 ./Core/Src/mrubyc/c_hash.o
 .text.c_hash_empty
                0x0000000008004426       0x3c ./Core/Src/mrubyc/c_hash.o
 .text.c_hash_has_key
                0x0000000008004462       0x42 ./Core/Src/mrubyc/c_hash.o
 .text.c_hash_has_value
                0x00000000080044a4       0x7e ./Core/Src/mrubyc/c_hash.o
 .text.c_hash_key
                0x0000000008004522       0x9a ./Core/Src/mrubyc/c_hash.o
 .text.c_hash_keys
                0x00000000080045bc       0x86 ./Core/Src/mrubyc/c_hash.o
 .text.c_hash_size
                0x0000000008004642       0x32 ./Core/Src/mrubyc/c_hash.o
 .text.c_hash_merge
                0x0000000008004674       0x96 ./Core/Src/mrubyc/c_hash.o
 .text.c_hash_merge_self
                0x000000000800470a       0x64 ./Core/Src/mrubyc/c_hash.o
 .text.c_hash_values
                0x000000000800476e       0x8a ./Core/Src/mrubyc/c_hash.o
 .text.c_hash_inspect
                0x00000000080047f8      0x16c ./Core/Src/mrubyc/c_hash.o
 .text.mrbc_decref
                0x0000000008004964       0x8c ./Core/Src/mrubyc/c_numeric.o
 .text.mrbc_string_new_cstr
                0x00000000080049f0       0x30 ./Core/Src/mrubyc/c_numeric.o
 .text.mrbc_printf_init
                0x0000000008004a20       0x44 ./Core/Src/mrubyc/c_numeric.o
 .text.mrbc_printf_end
                0x0000000008004a64       0x1c ./Core/Src/mrubyc/c_numeric.o
 .text.c_integer_bitref
                0x0000000008004a80       0x76 ./Core/Src/mrubyc/c_numeric.o
 .text.c_integer_positive
                0x0000000008004af6       0x18 ./Core/Src/mrubyc/c_numeric.o
 .text.c_integer_negative
                0x0000000008004b0e       0x32 ./Core/Src/mrubyc/c_numeric.o
 .text.c_integer_power
                0x0000000008004b40       0x6c ./Core/Src/mrubyc/c_numeric.o
 .text.c_integer_mod
                0x0000000008004bac       0x42 ./Core/Src/mrubyc/c_numeric.o
 .text.c_integer_and
                0x0000000008004bee       0x38 ./Core/Src/mrubyc/c_numeric.o
 .text.c_integer_or
                0x0000000008004c26       0x38 ./Core/Src/mrubyc/c_numeric.o
 .text.c_integer_xor
                0x0000000008004c5e       0x38 ./Core/Src/mrubyc/c_numeric.o
 .text.c_integer_not
                0x0000000008004c96       0x32 ./Core/Src/mrubyc/c_numeric.o
 .text.shift    0x0000000008004cc8       0x4e ./Core/Src/mrubyc/c_numeric.o
 .text.c_integer_lshift
                0x0000000008004d16       0x3c ./Core/Src/mrubyc/c_numeric.o
 .text.c_integer_rshift
                0x0000000008004d52       0x40 ./Core/Src/mrubyc/c_numeric.o
 .text.c_integer_abs
                0x0000000008004d92       0x2a ./Core/Src/mrubyc/c_numeric.o
 .text.c_numeric_clamp
                0x0000000008004dbc      0x12c ./Core/Src/mrubyc/c_numeric.o
 .text.c_integer_to_f
                0x0000000008004ee8       0x44 ./Core/Src/mrubyc/c_numeric.o
 .text.c_integer_chr
                0x0000000008004f2c       0x54 ./Core/Src/mrubyc/c_numeric.o
 .text.c_integer_inspect
                0x0000000008004f80       0xd8 ./Core/Src/mrubyc/c_numeric.o
 .text.c_float_positive
                0x0000000008005058       0x18 ./Core/Src/mrubyc/c_numeric.o
 .text.c_float_negative
                0x0000000008005070       0x40 ./Core/Src/mrubyc/c_numeric.o
 .text.c_float_abs
                0x00000000080050b0       0x40 ./Core/Src/mrubyc/c_numeric.o
 .text.c_float_to_i
                0x00000000080050f0       0x3c ./Core/Src/mrubyc/c_numeric.o
 .text.c_float_inspect
                0x000000000800512c       0x90 ./Core/Src/mrubyc/c_numeric.o
 .text.mrbc_incref
                0x00000000080051bc       0x68 ./Core/Src/mrubyc/c_object.o
 .text.mrbc_decref
                0x0000000008005224       0x8c ./Core/Src/mrubyc/c_object.o
 .text.mrbc_decref_empty
                0x00000000080052b0       0x1c ./Core/Src/mrubyc/c_object.o
 .text.mrbc_symbol_cstr
                0x00000000080052cc       0x1e ./Core/Src/mrubyc/c_object.o
 .text.mrbc_is_nested_symid
                0x00000000080052ea       0x34 ./Core/Src/mrubyc/c_object.o
 *fill*         0x000000000800531e        0x2 
 .text.find_class_by_object
                0x0000000008005320       0xac ./Core/Src/mrubyc/c_object.o
 .text.mrbc_string_new_cstr
                0x00000000080053cc       0x30 ./Core/Src/mrubyc/c_object.o
 .text.mrbc_string_size
                0x00000000080053fc       0x1a ./Core/Src/mrubyc/c_object.o
 .text.mrbc_string_cstr
                0x0000000008005416       0x1a ./Core/Src/mrubyc/c_object.o
 .text.mrbc_printf_init
                0x0000000008005430       0x44 ./Core/Src/mrubyc/c_object.o
 .text.mrbc_printf_end
                0x0000000008005474       0x1c ./Core/Src/mrubyc/c_object.o
 .text.mrbc_printf_len
                0x0000000008005490       0x1e ./Core/Src/mrubyc/c_object.o
 .text.mrbc_printf_str
                0x00000000080054ae       0x34 ./Core/Src/mrubyc/c_object.o
 *fill*         0x00000000080054e2        0x2 
 .text.set_sym_name_by_id
                0x00000000080054e4       0xa4 ./Core/Src/mrubyc/c_object.o
 .text.mrbc_instance_call_initialize
                0x0000000008005588       0x96 ./Core/Src/mrubyc/c_object.o
                0x0000000008005588                mrbc_instance_call_initialize
 .text.c_object_new
                0x000000000800561e       0x36 ./Core/Src/mrubyc/c_object.o
 .text.c_object_not
                0x0000000008005654       0x3e ./Core/Src/mrubyc/c_object.o
 .text.c_object_neq
                0x0000000008005692       0x3e ./Core/Src/mrubyc/c_object.o
 .text.c_object_compare
                0x00000000080056d0       0x38 ./Core/Src/mrubyc/c_object.o
 .text.c_object_equal2
                0x0000000008005708       0x3e ./Core/Src/mrubyc/c_object.o
 .text.c_object_equal3
                0x0000000008005746       0x6a ./Core/Src/mrubyc/c_object.o
 .text.c_object_class
                0x00000000080057b0       0x54 ./Core/Src/mrubyc/c_object.o
 .text.c_object_dup
                0x0000000008005804       0x5a ./Core/Src/mrubyc/c_object.o
 .text.c_object_block_given
                0x000000000800585e       0x90 ./Core/Src/mrubyc/c_object.o
 *fill*         0x00000000080058ee        0x2 
 .text.c_object_kind_of
                0x00000000080058f0       0x5c ./Core/Src/mrubyc/c_object.o
 .text.c_object_nil
                0x000000000800594c       0x34 ./Core/Src/mrubyc/c_object.o
 .text.c_object_p
                0x0000000008005980      0x10e ./Core/Src/mrubyc/c_object.o
 .text.c_object_print
                0x0000000008005a8e       0x38 ./Core/Src/mrubyc/c_object.o
 .text.c_object_puts
                0x0000000008005ac6       0x5c ./Core/Src/mrubyc/c_object.o
 *fill*         0x0000000008005b22        0x2 
 .text.c_object_raise
                0x0000000008005b24      0x228 ./Core/Src/mrubyc/c_object.o
 .text.c_object_object_id
                0x0000000008005d4c       0x2c ./Core/Src/mrubyc/c_object.o
 .text.c_object_instance_methods
                0x0000000008005d78       0x88 ./Core/Src/mrubyc/c_object.o
 .text.c_object_instance_variables
                0x0000000008005e00       0xa8 ./Core/Src/mrubyc/c_object.o
 .text.c_object_memory_statistics
                0x0000000008005ea8      0x1e8 ./Core/Src/mrubyc/c_object.o
 .text.c_object_getiv
                0x0000000008006090       0x50 ./Core/Src/mrubyc/c_object.o
 .text.c_object_setiv
                0x00000000080060e0       0x74 ./Core/Src/mrubyc/c_object.o
 .text.c_object_attr_reader
                0x0000000008006154       0x6c ./Core/Src/mrubyc/c_object.o
 .text.c_object_attr_accessor
                0x00000000080061c0       0xd4 ./Core/Src/mrubyc/c_object.o
 .text.c_object_sprintf
                0x0000000008006294      0x4e4 ./Core/Src/mrubyc/c_object.o
 .text.c_object_printf
                0x0000000008006778       0x42 ./Core/Src/mrubyc/c_object.o
 *fill*         0x00000000080067ba        0x2 
 .text.c_object_to_s
                0x00000000080067bc       0xac ./Core/Src/mrubyc/c_object.o
 .text.c_proc_new
                0x0000000008006868       0x48 ./Core/Src/mrubyc/c_object.o
 .text.c_proc_call
                0x00000000080068b0       0x98 ./Core/Src/mrubyc/c_object.o
 .text.c_nil_to_i
                0x0000000008006948       0x2c ./Core/Src/mrubyc/c_object.o
 .text.c_nil_to_a
                0x0000000008006974       0x2a ./Core/Src/mrubyc/c_object.o
 .text.c_nil_to_h
                0x000000000800699e       0x2a ./Core/Src/mrubyc/c_object.o
 .text.c_nil_to_f
                0x00000000080069c8       0x2c ./Core/Src/mrubyc/c_object.o
 .text.c_nil_inspect
                0x00000000080069f4       0x30 ./Core/Src/mrubyc/c_object.o
 .text.c_nil_to_s
                0x0000000008006a24       0x2a ./Core/Src/mrubyc/c_object.o
 *fill*         0x0000000008006a4e        0x2 
 .text.c_true_to_s
                0x0000000008006a50       0x30 ./Core/Src/mrubyc/c_object.o
 .text.c_false_to_s
                0x0000000008006a80       0x30 ./Core/Src/mrubyc/c_object.o
 .text.mrbc_decref
                0x0000000008006ab0       0x8c ./Core/Src/mrubyc/c_range.o
 .text.mrbc_string_new_cstr
                0x0000000008006b3c       0x30 ./Core/Src/mrubyc/c_range.o
 .text.mrbc_string_append_cstr
                0x0000000008006b6c       0x26 ./Core/Src/mrubyc/c_range.o
 .text.mrbc_range_first
                0x0000000008006b92       0x24 ./Core/Src/mrubyc/c_range.o
 .text.mrbc_range_last
                0x0000000008006bb6       0x24 ./Core/Src/mrubyc/c_range.o
 .text.mrbc_range_new
                0x0000000008006bda       0x90 ./Core/Src/mrubyc/c_range.o
                0x0000000008006bda                mrbc_range_new
 .text.mrbc_range_delete
                0x0000000008006c6a       0x32 ./Core/Src/mrubyc/c_range.o
                0x0000000008006c6a                mrbc_range_delete
 .text.mrbc_range_compare
                0x0000000008006c9c       0x66 ./Core/Src/mrubyc/c_range.o
                0x0000000008006c9c                mrbc_range_compare
 *fill*         0x0000000008006d02        0x2 
 .text.c_range_equal3
                0x0000000008006d04       0xe4 ./Core/Src/mrubyc/c_range.o
 .text.c_range_first
                0x0000000008006de8       0x42 ./Core/Src/mrubyc/c_range.o
 .text.c_range_last
                0x0000000008006e2a       0x42 ./Core/Src/mrubyc/c_range.o
 .text.c_range_exclude_end
                0x0000000008006e6c       0x38 ./Core/Src/mrubyc/c_range.o
 .text.c_range_inspect
                0x0000000008006ea4      0x10c ./Core/Src/mrubyc/c_range.o
 .text.mrbc_incref
                0x0000000008006fb0       0x68 ./Core/Src/mrubyc/c_string.o
 .text.mrbc_decref
                0x0000000008007018       0x8c ./Core/Src/mrubyc/c_string.o
 .text.mrbc_string_new_cstr
                0x00000000080070a4       0x30 ./Core/Src/mrubyc/c_string.o
 .text.mrbc_string_size
                0x00000000080070d4       0x1a ./Core/Src/mrubyc/c_string.o
 .text.mrbc_string_cstr
                0x00000000080070ee       0x1a ./Core/Src/mrubyc/c_string.o
 .text.mrbc_string_append_cstr
                0x0000000008007108       0x26 ./Core/Src/mrubyc/c_string.o
 .text.mrbc_array_size
                0x000000000800712e       0x1a ./Core/Src/mrubyc/c_string.o
 .text.is_space
                0x0000000008007148       0x40 ./Core/Src/mrubyc/c_string.o
 .text.mrbc_string_new
                0x0000000008007188       0xc4 ./Core/Src/mrubyc/c_string.o
                0x0000000008007188                mrbc_string_new
 .text.mrbc_string_new_alloc
                0x000000000800724c       0x78 ./Core/Src/mrubyc/c_string.o
                0x000000000800724c                mrbc_string_new_alloc
 .text.mrbc_string_delete
                0x00000000080072c4       0x26 ./Core/Src/mrubyc/c_string.o
                0x00000000080072c4                mrbc_string_delete
 .text.mrbc_string_clear
                0x00000000080072ea       0x30 ./Core/Src/mrubyc/c_string.o
                0x00000000080072ea                mrbc_string_clear
 .text.mrbc_string_dup
                0x000000000800731a       0x62 ./Core/Src/mrubyc/c_string.o
                0x000000000800731a                mrbc_string_dup
 .text.mrbc_string_add
                0x000000000800737c       0x8a ./Core/Src/mrubyc/c_string.o
                0x000000000800737c                mrbc_string_add
 .text.mrbc_string_append
                0x0000000008007406       0xb2 ./Core/Src/mrubyc/c_string.o
                0x0000000008007406                mrbc_string_append
 .text.mrbc_string_append_cbuf
                0x00000000080074b8       0x92 ./Core/Src/mrubyc/c_string.o
                0x00000000080074b8                mrbc_string_append_cbuf
 .text.mrbc_string_index
                0x000000000800754a       0x80 ./Core/Src/mrubyc/c_string.o
                0x000000000800754a                mrbc_string_index
 .text.mrbc_string_strip
                0x00000000080075ca       0xec ./Core/Src/mrubyc/c_string.o
                0x00000000080075ca                mrbc_string_strip
 .text.mrbc_string_chomp
                0x00000000080076b6       0x7e ./Core/Src/mrubyc/c_string.o
                0x00000000080076b6                mrbc_string_chomp
 .text.mrbc_string_upcase
                0x0000000008007734       0x6a ./Core/Src/mrubyc/c_string.o
 .text.mrbc_string_downcase
                0x000000000800779e       0x6a ./Core/Src/mrubyc/c_string.o
 .text.c_string_new
                0x0000000008007808       0xa8 ./Core/Src/mrubyc/c_string.o
 .text.c_string_add
                0x00000000080078b0       0x60 ./Core/Src/mrubyc/c_string.o
 .text.c_string_mul
                0x0000000008007910       0xe8 ./Core/Src/mrubyc/c_string.o
 .text.c_string_size
                0x00000000080079f8       0x32 ./Core/Src/mrubyc/c_string.o
 *fill*         0x0000000008007a2a        0x2 
 .text.c_string_to_i
                0x0000000008007a2c       0x6c ./Core/Src/mrubyc/c_string.o
 .text.c_string_to_f
                0x0000000008007a98       0x44 ./Core/Src/mrubyc/c_string.o
 .text.c_string_to_s
                0x0000000008007adc       0x42 ./Core/Src/mrubyc/c_string.o
 .text.c_string_append
                0x0000000008007b1e       0x20 ./Core/Src/mrubyc/c_string.o
 *fill*         0x0000000008007b3e        0x2 
 .text.c_string_slice
                0x0000000008007b40      0x108 ./Core/Src/mrubyc/c_string.o
 .text.c_string_insert
                0x0000000008007c48      0x1a0 ./Core/Src/mrubyc/c_string.o
 .text.c_string_chomp
                0x0000000008007de8       0x4e ./Core/Src/mrubyc/c_string.o
 .text.c_string_clear
                0x0000000008007e36       0x1a ./Core/Src/mrubyc/c_string.o
 .text.c_string_chomp_self
                0x0000000008007e50       0x48 ./Core/Src/mrubyc/c_string.o
 .text.c_string_dup
                0x0000000008007e98       0x44 ./Core/Src/mrubyc/c_string.o
 .text.c_string_empty
                0x0000000008007edc       0x36 ./Core/Src/mrubyc/c_string.o
 .text.c_string_getbyte
                0x0000000008007f12       0x78 ./Core/Src/mrubyc/c_string.o
 *fill*         0x0000000008007f8a        0x2 
 .text.c_string_index
                0x0000000008007f8c       0xa0 ./Core/Src/mrubyc/c_string.o
 .text.c_string_inspect
                0x000000000800802c       0xfc ./Core/Src/mrubyc/c_string.o
 .text.c_string_ord
                0x0000000008008128       0x54 ./Core/Src/mrubyc/c_string.o
 .text.c_string_slice_self
                0x000000000800817c      0x178 ./Core/Src/mrubyc/c_string.o
 .text.c_string_split
                0x00000000080082f4      0x364 ./Core/Src/mrubyc/c_string.o
 .text.c_string_lstrip
                0x0000000008008658       0x50 ./Core/Src/mrubyc/c_string.o
 .text.c_string_lstrip_self
                0x00000000080086a8       0x4a ./Core/Src/mrubyc/c_string.o
 .text.c_string_rstrip
                0x00000000080086f2       0x50 ./Core/Src/mrubyc/c_string.o
 .text.c_string_rstrip_self
                0x0000000008008742       0x4a ./Core/Src/mrubyc/c_string.o
 .text.c_string_strip
                0x000000000800878c       0x50 ./Core/Src/mrubyc/c_string.o
 .text.c_string_strip_self
                0x00000000080087dc       0x4a ./Core/Src/mrubyc/c_string.o
 .text.c_string_to_sym
                0x0000000008008826       0x4a ./Core/Src/mrubyc/c_string.o
 .text.tr_free_pattern
                0x0000000008008870       0x2a ./Core/Src/mrubyc/c_string.o
 .text.tr_parse_pattern
                0x000000000800889a      0x18a ./Core/Src/mrubyc/c_string.o
 .text.tr_find_character
                0x0000000008008a24       0xca ./Core/Src/mrubyc/c_string.o
 .text.tr_get_character
                0x0000000008008aee       0x9a ./Core/Src/mrubyc/c_string.o
 .text.tr_main  0x0000000008008b88      0x120 ./Core/Src/mrubyc/c_string.o
 .text.c_string_tr
                0x0000000008008ca8       0x4e ./Core/Src/mrubyc/c_string.o
 .text.c_string_tr_self
                0x0000000008008cf6       0x32 ./Core/Src/mrubyc/c_string.o
 .text.c_string_start_with
                0x0000000008008d28       0xa8 ./Core/Src/mrubyc/c_string.o
 .text.c_string_end_with
                0x0000000008008dd0       0xb0 ./Core/Src/mrubyc/c_string.o
 .text.c_string_include
                0x0000000008008e80       0x60 ./Core/Src/mrubyc/c_string.o
 .text.c_string_bytes
                0x0000000008008ee0       0x92 ./Core/Src/mrubyc/c_string.o
 .text.c_string_upcase
                0x0000000008008f72       0x4e ./Core/Src/mrubyc/c_string.o
 .text.c_string_upcase_self
                0x0000000008008fc0       0x2c ./Core/Src/mrubyc/c_string.o
 .text.c_string_downcase
                0x0000000008008fec       0x4e ./Core/Src/mrubyc/c_string.o
 .text.c_string_downcase_self
                0x000000000800903a       0x2c ./Core/Src/mrubyc/c_string.o
 *fill*         0x0000000008009066        0x2 
 .text.mrbc_incref
                0x0000000008009068       0x68 ./Core/Src/mrubyc/class.o
 .text.mrbc_decref
                0x00000000080090d0       0x8c ./Core/Src/mrubyc/class.o
 .text.find_class_by_object
                0x000000000800915c       0xac ./Core/Src/mrubyc/class.o
 .text.mrbc_define_class
                0x0000000008009208       0xd8 ./Core/Src/mrubyc/class.o
                0x0000000008009208                mrbc_define_class
 .text.mrbc_define_class_under
                0x00000000080092e0      0x108 ./Core/Src/mrubyc/class.o
                0x00000000080092e0                mrbc_define_class_under
 .text.mrbc_define_method
                0x00000000080093e8       0x80 ./Core/Src/mrubyc/class.o
                0x00000000080093e8                mrbc_define_method
 .text.mrbc_instance_new
                0x0000000008009468       0xa2 ./Core/Src/mrubyc/class.o
                0x0000000008009468                mrbc_instance_new
 .text.mrbc_instance_delete
                0x000000000800950a       0x26 ./Core/Src/mrubyc/class.o
                0x000000000800950a                mrbc_instance_delete
 .text.mrbc_instance_setiv
                0x0000000008009530       0x2e ./Core/Src/mrubyc/class.o
                0x0000000008009530                mrbc_instance_setiv
 .text.mrbc_instance_getiv
                0x000000000800955e       0x58 ./Core/Src/mrubyc/class.o
                0x000000000800955e                mrbc_instance_getiv
 .text.mrbc_proc_new
                0x00000000080095b6       0x96 ./Core/Src/mrubyc/class.o
                0x00000000080095b6                mrbc_proc_new
 .text.mrbc_proc_delete
                0x000000000800964c       0x1a ./Core/Src/mrubyc/class.o
                0x000000000800964c                mrbc_proc_delete
 .text.mrbc_obj_is_kind_of
                0x0000000008009666       0x36 ./Core/Src/mrubyc/class.o
                0x0000000008009666                mrbc_obj_is_kind_of
 .text.mrbc_find_method
                0x000000000800969c       0xf6 ./Core/Src/mrubyc/class.o
                0x000000000800969c                mrbc_find_method
 .text.mrbc_get_class_by_name
                0x0000000008009792       0x4e ./Core/Src/mrubyc/class.o
                0x0000000008009792                mrbc_get_class_by_name
 .text.mrbc_send
                0x00000000080097e0      0x148 ./Core/Src/mrubyc/class.o
                0x00000000080097e0                mrbc_send
 .text.c_ineffect
                0x0000000008009928       0x18 ./Core/Src/mrubyc/class.o
                0x0000000008009928                c_ineffect
 .text.mrbc_run_mrblib
                0x0000000008009940       0x6c ./Core/Src/mrubyc/class.o
                0x0000000008009940                mrbc_run_mrblib
 .text.mrbc_init_class
                0x00000000080099ac      0x1c8 ./Core/Src/mrubyc/class.o
                0x00000000080099ac                mrbc_init_class
 .text.mrbc_symbol_cstr
                0x0000000008009b74       0x1e ./Core/Src/mrubyc/console.o
 .text.mrbc_is_nested_symid
                0x0000000008009b92       0x34 ./Core/Src/mrubyc/console.o
 *fill*         0x0000000008009bc6        0x2 
 .text.find_class_by_object
                0x0000000008009bc8       0xac ./Core/Src/mrubyc/console.o
 .text.mrbc_print
                0x0000000008009c74       0x20 ./Core/Src/mrubyc/console.o
 .text.mrbc_printf_init
                0x0000000008009c94       0x44 ./Core/Src/mrubyc/console.o
 .text.mrbc_printf_clear
                0x0000000008009cd8       0x1c ./Core/Src/mrubyc/console.o
 .text.mrbc_printf_end
                0x0000000008009cf4       0x1c ./Core/Src/mrubyc/console.o
 .text.mrbc_printf_len
                0x0000000008009d10       0x1e ./Core/Src/mrubyc/console.o
 .text.mrbc_printf_str
                0x0000000008009d2e       0x34 ./Core/Src/mrubyc/console.o
 .text.mrbc_string_size
                0x0000000008009d62       0x1a ./Core/Src/mrubyc/console.o
 .text.mrbc_string_cstr
                0x0000000008009d7c       0x1a ./Core/Src/mrubyc/console.o
 .text.mrbc_array_size
                0x0000000008009d96       0x1a ./Core/Src/mrubyc/console.o
 .text.mrbc_hash_iterator_new
                0x0000000008009db0       0x40 ./Core/Src/mrubyc/console.o
 .text.mrbc_hash_i_has_next
                0x0000000008009df0       0x26 ./Core/Src/mrubyc/console.o
 .text.mrbc_hash_i_next
                0x0000000008009e16       0x28 ./Core/Src/mrubyc/console.o
 .text.mrbc_range_first
                0x0000000008009e3e       0x24 ./Core/Src/mrubyc/console.o
 .text.mrbc_range_last
                0x0000000008009e62       0x24 ./Core/Src/mrubyc/console.o
 .text.mrbc_range_exclude_end
                0x0000000008009e86       0x1a ./Core/Src/mrubyc/console.o
 .text.mrbc_printf_sub_output_arg
                0x0000000008009ea0      0x1e4 ./Core/Src/mrubyc/console.o
 .text.mrbc_putchar
                0x000000000800a084       0x1e ./Core/Src/mrubyc/console.o
                0x000000000800a084                mrbc_putchar
 *fill*         0x000000000800a0a2        0x2 
 .text.mrbc_print_symbol
                0x000000000800a0a4       0x64 ./Core/Src/mrubyc/console.o
                0x000000000800a0a4                mrbc_print_symbol
 .text.mrbc_nprint
                0x000000000800a108       0x1c ./Core/Src/mrubyc/console.o
                0x000000000800a108                mrbc_nprint
 .text.mrbc_printf
                0x000000000800a124       0x24 ./Core/Src/mrubyc/console.o
                0x000000000800a124                mrbc_printf
 .text.mrbc_snprintf
                0x000000000800a148       0x66 ./Core/Src/mrubyc/console.o
                0x000000000800a148                mrbc_snprintf
 .text.mrbc_vprintf
                0x000000000800a1ae       0xaa ./Core/Src/mrubyc/console.o
                0x000000000800a1ae                mrbc_vprintf
 .text.mrbc_vasprintf
                0x000000000800a258       0xd2 ./Core/Src/mrubyc/console.o
                0x000000000800a258                mrbc_vasprintf
 .text.mrbc_p   0x000000000800a32a       0x1c ./Core/Src/mrubyc/console.o
                0x000000000800a32a                mrbc_p
 *fill*         0x000000000800a346        0x2 
 .text.mrbc_p_sub
                0x000000000800a348      0x174 ./Core/Src/mrubyc/console.o
                0x000000000800a348                mrbc_p_sub
 .text.mrbc_puts_sub
                0x000000000800a4bc       0x64 ./Core/Src/mrubyc/console.o
                0x000000000800a4bc                mrbc_puts_sub
 .text.mrbc_print_sub
                0x000000000800a520      0x2dc ./Core/Src/mrubyc/console.o
                0x000000000800a520                mrbc_print_sub
 .text.mrbc_printf_replace_buffer
                0x000000000800a7fc       0x42 ./Core/Src/mrubyc/console.o
                0x000000000800a7fc                mrbc_printf_replace_buffer
 *fill*         0x000000000800a83e        0x2 
 .text.mrbc_printf_main
                0x000000000800a840      0x1f0 ./Core/Src/mrubyc/console.o
                0x000000000800a840                mrbc_printf_main
 .text.mrbc_printf_char
                0x000000000800aa30       0xae ./Core/Src/mrubyc/console.o
                0x000000000800aa30                mrbc_printf_char
 *fill*         0x000000000800aade        0x2 
 .text.mrbc_printf_bstr
                0x000000000800aae0      0x10c ./Core/Src/mrubyc/console.o
                0x000000000800aae0                mrbc_printf_bstr
 .text.mrbc_printf_int
                0x000000000800abec      0x25e ./Core/Src/mrubyc/console.o
                0x000000000800abec                mrbc_printf_int
 *fill*         0x000000000800ae4a        0x2 
 .text.mrbc_printf_bit
                0x000000000800ae4c      0x19c ./Core/Src/mrubyc/console.o
                0x000000000800ae4c                mrbc_printf_bit
 .text.mrbc_printf_float
                0x000000000800afe8       0x90 ./Core/Src/mrubyc/console.o
                0x000000000800afe8                mrbc_printf_float
 .text.mrbc_printf_pointer
                0x000000000800b078       0xa6 ./Core/Src/mrubyc/console.o
                0x000000000800b078                mrbc_printf_pointer
 *fill*         0x000000000800b11e        0x2 
 .text.mrbc_decref
                0x000000000800b120       0x8c ./Core/Src/mrubyc/error.o
 .text.mrbc_string_new_cstr
                0x000000000800b1ac       0x30 ./Core/Src/mrubyc/error.o
 .text.mrbc_string_size
                0x000000000800b1dc       0x1a ./Core/Src/mrubyc/error.o
 .text.mrbc_string_cstr
                0x000000000800b1f6       0x1a ./Core/Src/mrubyc/error.o
 .text.sub_exception_new
                0x000000000800b210       0x86 ./Core/Src/mrubyc/error.o
 *fill*         0x000000000800b296        0x2 
 .text.mrbc_exception_new
                0x000000000800b298       0xd8 ./Core/Src/mrubyc/error.o
                0x000000000800b298                mrbc_exception_new
 .text.mrbc_exception_new_alloc
                0x000000000800b370       0x64 ./Core/Src/mrubyc/error.o
                0x000000000800b370                mrbc_exception_new_alloc
 .text.mrbc_exception_delete
                0x000000000800b3d4       0x30 ./Core/Src/mrubyc/error.o
                0x000000000800b3d4                mrbc_exception_delete
 .text.mrbc_raise
                0x000000000800b404       0xa8 ./Core/Src/mrubyc/error.o
                0x000000000800b404                mrbc_raise
 .text.mrbc_raisef
                0x000000000800b4ac       0xd8 ./Core/Src/mrubyc/error.o
                0x000000000800b4ac                mrbc_raisef
 .text.mrbc_print_exception
                0x000000000800b584       0x50 ./Core/Src/mrubyc/error.o
                0x000000000800b584                mrbc_print_exception
 .text.mrbc_print_vm_exception
                0x000000000800b5d4       0xd0 ./Core/Src/mrubyc/error.o
                0x000000000800b5d4                mrbc_print_vm_exception
 .text.c_exception_new
                0x000000000800b6a4       0xb8 ./Core/Src/mrubyc/error.o
 .text.c_exception_message
                0x000000000800b75c       0x72 ./Core/Src/mrubyc/error.o
 *fill*         0x000000000800b7ce        0x2 
 .text.mrbc_init_global
                0x000000000800b7d0       0x24 ./Core/Src/mrubyc/global.o
                0x000000000800b7d0                mrbc_init_global
 .text.mrbc_set_const
                0x000000000800b7f4       0x44 ./Core/Src/mrubyc/global.o
                0x000000000800b7f4                mrbc_set_const
 .text.mrbc_set_class_const
                0x000000000800b838       0x4c ./Core/Src/mrubyc/global.o
                0x000000000800b838                mrbc_set_class_const
 .text.mrbc_get_const
                0x000000000800b884       0x24 ./Core/Src/mrubyc/global.o
                0x000000000800b884                mrbc_get_const
 .text.mrbc_get_class_const
                0x000000000800b8a8       0x70 ./Core/Src/mrubyc/global.o
                0x000000000800b8a8                mrbc_get_class_const
 .text.mrbc_set_global
                0x000000000800b918       0x28 ./Core/Src/mrubyc/global.o
                0x000000000800b918                mrbc_set_global
 .text.mrbc_get_global
                0x000000000800b940       0x24 ./Core/Src/mrubyc/global.o
                0x000000000800b940                mrbc_get_global
 .text.hal_init
                0x000000000800b964        0xe ./Core/Src/mrubyc/hal.o
                0x000000000800b964                hal_init
 .text.hal_enable_irq
                0x000000000800b972       0x12 ./Core/Src/mrubyc/hal.o
                0x000000000800b972                hal_enable_irq
 .text.hal_disable_irq
                0x000000000800b984       0x12 ./Core/Src/mrubyc/hal.o
                0x000000000800b984                hal_disable_irq
 .text.hal_idle_cpu
                0x000000000800b996       0x14 ./Core/Src/mrubyc/hal.o
                0x000000000800b996                hal_idle_cpu
 *fill*         0x000000000800b9aa        0x2 
 .text.hal_write
                0x000000000800b9ac       0x2c ./Core/Src/mrubyc/hal.o
                0x000000000800b9ac                hal_write
 .text.mrbc_incref
                0x000000000800b9d8       0x68 ./Core/Src/mrubyc/keyvalue.o
 .text.mrbc_decref
                0x000000000800ba40       0x8c ./Core/Src/mrubyc/keyvalue.o
 .text.mrbc_kv_iterator_new
                0x000000000800bacc       0x2e ./Core/Src/mrubyc/keyvalue.o
 .text.mrbc_kv_i_has_next
                0x000000000800bafa       0x28 ./Core/Src/mrubyc/keyvalue.o
 .text.mrbc_kv_i_next
                0x000000000800bb22       0x32 ./Core/Src/mrubyc/keyvalue.o
 .text.binary_search
                0x000000000800bb54       0x70 ./Core/Src/mrubyc/keyvalue.o
 .text.mrbc_kv_init_handle
                0x000000000800bbc4       0x68 ./Core/Src/mrubyc/keyvalue.o
                0x000000000800bbc4                mrbc_kv_init_handle
 .text.mrbc_kv_delete_data
                0x000000000800bc2c       0x30 ./Core/Src/mrubyc/keyvalue.o
                0x000000000800bc2c                mrbc_kv_delete_data
 .text.mrbc_kv_resize
                0x000000000800bc5c       0x42 ./Core/Src/mrubyc/keyvalue.o
                0x000000000800bc5c                mrbc_kv_resize
 *fill*         0x000000000800bc9e        0x2 
 .text.mrbc_kv_set
                0x000000000800bca0      0x198 ./Core/Src/mrubyc/keyvalue.o
                0x000000000800bca0                mrbc_kv_set
 .text.mrbc_kv_get
                0x000000000800be38       0x5e ./Core/Src/mrubyc/keyvalue.o
                0x000000000800be38                mrbc_kv_get
 .text.mrbc_kv_clear
                0x000000000800be96       0x4c ./Core/Src/mrubyc/keyvalue.o
                0x000000000800be96                mrbc_kv_clear
 .text.mrbc_kv_dup
                0x000000000800bee2       0x5a ./Core/Src/mrubyc/keyvalue.o
                0x000000000800bee2                mrbc_kv_dup
 .text.bin_to_uint16
                0x000000000800bf3c       0x30 ./Core/Src/mrubyc/load.o
 .text.bin_to_uint32
                0x000000000800bf6c       0x3c ./Core/Src/mrubyc/load.o
 .text.bin_to_double64
                0x000000000800bfa8       0x46 ./Core/Src/mrubyc/load.o
 *fill*         0x000000000800bfee        0x2 
 .text.load_header
                0x000000000800bff0       0x70 ./Core/Src/mrubyc/load.o
 .text.load_irep_1
                0x000000000800c060      0x308 ./Core/Src/mrubyc/load.o
 .text.load_irep
                0x000000000800c368       0xa8 ./Core/Src/mrubyc/load.o
 .text.mrbc_load_mrb
                0x000000000800c410       0xa8 ./Core/Src/mrubyc/load.o
                0x000000000800c410                mrbc_load_mrb
 .text.mrbc_load_irep
                0x000000000800c4b8       0x4c ./Core/Src/mrubyc/load.o
                0x000000000800c4b8                mrbc_load_irep
 .text.mrbc_irep_free
                0x000000000800c504       0x4a ./Core/Src/mrubyc/load.o
                0x000000000800c504                mrbc_irep_free
 *fill*         0x000000000800c54e        0x2 
 .text.mrbc_irep_pool_value
                0x000000000800c550      0x108 ./Core/Src/mrubyc/load.o
                0x000000000800c550                mrbc_irep_pool_value
 .text.mrbc_decref
                0x000000000800c658       0x8c ./Core/Src/mrubyc/rrt0.o
 .text.mrbc_string_new_cstr
                0x000000000800c6e4       0x30 ./Core/Src/mrubyc/rrt0.o
 .text.mrbc_string_cstr
                0x000000000800c714       0x1a ./Core/Src/mrubyc/rrt0.o
 .text.mrbc_string_append_cstr
                0x000000000800c72e       0x26 ./Core/Src/mrubyc/rrt0.o
 .text.q_insert_task
                0x000000000800c754       0x8c ./Core/Src/mrubyc/rrt0.o
 .text.q_delete_task
                0x000000000800c7e0       0x8c ./Core/Src/mrubyc/rrt0.o
 .text.preempt_running_task
                0x000000000800c86c       0x3c ./Core/Src/mrubyc/rrt0.o
 .text.mrbc_tcb_new
                0x000000000800c8a8       0x60 ./Core/Src/mrubyc/rrt0.o
                0x000000000800c8a8                mrbc_tcb_new
 .text.mrbc_create_task
                0x000000000800c908       0xac ./Core/Src/mrubyc/rrt0.o
                0x000000000800c908                mrbc_create_task
 .text.mrbc_set_task_name
                0x000000000800c9b4       0x4e ./Core/Src/mrubyc/rrt0.o
                0x000000000800c9b4                mrbc_set_task_name
 *fill*         0x000000000800ca02        0x2 
 .text.mrbc_find_task
                0x000000000800ca04       0x64 ./Core/Src/mrubyc/rrt0.o
                0x000000000800ca04                mrbc_find_task
 .text.mrbc_run
                0x000000000800ca68       0xf4 ./Core/Src/mrubyc/rrt0.o
                0x000000000800ca68                mrbc_run
 .text.mrbc_sleep_ms
                0x000000000800cb5c       0x90 ./Core/Src/mrubyc/rrt0.o
                0x000000000800cb5c                mrbc_sleep_ms
 .text.mrbc_relinquish
                0x000000000800cbec       0x22 ./Core/Src/mrubyc/rrt0.o
                0x000000000800cbec                mrbc_relinquish
 .text.mrbc_change_priority
                0x000000000800cc0e       0x46 ./Core/Src/mrubyc/rrt0.o
                0x000000000800cc0e                mrbc_change_priority
 .text.mrbc_suspend_task
                0x000000000800cc54       0x3c ./Core/Src/mrubyc/rrt0.o
                0x000000000800cc54                mrbc_suspend_task
 .text.mrbc_resume_task
                0x000000000800cc90       0x58 ./Core/Src/mrubyc/rrt0.o
                0x000000000800cc90                mrbc_resume_task
 .text.mrbc_terminate_task
                0x000000000800cce8       0x3c ./Core/Src/mrubyc/rrt0.o
                0x000000000800cce8                mrbc_terminate_task
 .text.mrbc_join_task
                0x000000000800cd24       0x56 ./Core/Src/mrubyc/rrt0.o
                0x000000000800cd24                mrbc_join_task
 .text.mrbc_mutex_init
                0x000000000800cd7a       0x34 ./Core/Src/mrubyc/rrt0.o
                0x000000000800cd7a                mrbc_mutex_init
 .text.mrbc_mutex_lock
                0x000000000800cdae       0x6c ./Core/Src/mrubyc/rrt0.o
                0x000000000800cdae                mrbc_mutex_lock
 *fill*         0x000000000800ce1a        0x2 
 .text.mrbc_mutex_unlock
                0x000000000800ce1c       0xd8 ./Core/Src/mrubyc/rrt0.o
                0x000000000800ce1c                mrbc_mutex_unlock
 .text.mrbc_mutex_trylock
                0x000000000800cef4       0x3a ./Core/Src/mrubyc/rrt0.o
                0x000000000800cef4                mrbc_mutex_trylock
 *fill*         0x000000000800cf2e        0x2 
 .text.c_sleep  0x000000000800cf30       0xc0 ./Core/Src/mrubyc/rrt0.o
 .text.c_sleep_ms
                0x000000000800cff0       0x42 ./Core/Src/mrubyc/rrt0.o
 .text.c_task_get
                0x000000000800d032       0xa2 ./Core/Src/mrubyc/rrt0.o
 .text.c_task_list
                0x000000000800d0d4       0xa4 ./Core/Src/mrubyc/rrt0.o
 .text.c_task_name_list
                0x000000000800d178       0x9c ./Core/Src/mrubyc/rrt0.o
 .text.c_task_set_name
                0x000000000800d214       0x60 ./Core/Src/mrubyc/rrt0.o
 .text.c_task_name
                0x000000000800d274       0x7c ./Core/Src/mrubyc/rrt0.o
 .text.c_task_suspend
                0x000000000800d2f0       0x36 ./Core/Src/mrubyc/rrt0.o
 .text.c_task_resume
                0x000000000800d326       0x30 ./Core/Src/mrubyc/rrt0.o
 .text.c_task_terminate
                0x000000000800d356       0x36 ./Core/Src/mrubyc/rrt0.o
 .text.c_task_join
                0x000000000800d38c       0x38 ./Core/Src/mrubyc/rrt0.o
 .text.c_task_pass
                0x000000000800d3c4       0x2c ./Core/Src/mrubyc/rrt0.o
 .text.c_task_set_priority
                0x000000000800d3f0       0x74 ./Core/Src/mrubyc/rrt0.o
 .text.c_task_priority
                0x000000000800d464       0x48 ./Core/Src/mrubyc/rrt0.o
 .text.c_task_status
                0x000000000800d4ac       0x90 ./Core/Src/mrubyc/rrt0.o
 .text.c_mutex_new
                0x000000000800d53c       0x42 ./Core/Src/mrubyc/rrt0.o
 *fill*         0x000000000800d57e        0x2 
 .text.c_mutex_lock
                0x000000000800d580       0x4c ./Core/Src/mrubyc/rrt0.o
 .text.c_mutex_unlock
                0x000000000800d5cc       0x4c ./Core/Src/mrubyc/rrt0.o
 .text.c_mutex_trylock
                0x000000000800d618       0x46 ./Core/Src/mrubyc/rrt0.o
 .text.c_mutex_locked
                0x000000000800d65e       0x3a ./Core/Src/mrubyc/rrt0.o
 .text.c_mutex_owned
                0x000000000800d698       0x46 ./Core/Src/mrubyc/rrt0.o
 *fill*         0x000000000800d6de        0x2 
 .text.c_vm_tick
                0x000000000800d6e0       0x30 ./Core/Src/mrubyc/rrt0.o
 .text.mrbc_init
                0x000000000800d710       0xa0 ./Core/Src/mrubyc/rrt0.o
                0x000000000800d710                mrbc_init
 .text.mrbc_decref
                0x000000000800d7b0       0x8c ./Core/Src/mrubyc/symbol.o
 .text.mrbc_is_nested_symid
                0x000000000800d83c       0x34 ./Core/Src/mrubyc/symbol.o
 .text.mrbc_string_new_cstr
                0x000000000800d870       0x30 ./Core/Src/mrubyc/symbol.o
 .text.mrbc_string_append_cstr
                0x000000000800d8a0       0x26 ./Core/Src/mrubyc/symbol.o
 .text.calc_hash
                0x000000000800d8c6       0x3c ./Core/Src/mrubyc/symbol.o
 *fill*         0x000000000800d902        0x2 
 .text.search_builtin_symbol
                0x000000000800d904       0x8c ./Core/Src/mrubyc/symbol.o
 .text.search_index
                0x000000000800d990       0x78 ./Core/Src/mrubyc/symbol.o
 .text.add_index
                0x000000000800da08       0xc0 ./Core/Src/mrubyc/symbol.o
 .text.mrbc_str_to_symid
                0x000000000800dac8       0x6e ./Core/Src/mrubyc/symbol.o
                0x000000000800dac8                mrbc_str_to_symid
 *fill*         0x000000000800db36        0x2 
 .text.mrbc_symid_to_str
                0x000000000800db38       0x68 ./Core/Src/mrubyc/symbol.o
                0x000000000800db38                mrbc_symid_to_str
 .text.mrbc_search_symid
                0x000000000800dba0       0x58 ./Core/Src/mrubyc/symbol.o
                0x000000000800dba0                mrbc_search_symid
 .text.make_nested_symbol_s
                0x000000000800dbf8       0xa0 ./Core/Src/mrubyc/symbol.o
                0x000000000800dbf8                make_nested_symbol_s
 .text.mrbc_separate_nested_symid
                0x000000000800dc98       0xfc ./Core/Src/mrubyc/symbol.o
                0x000000000800dc98                mrbc_separate_nested_symid
 .text.mrbc_symbol_new
                0x000000000800dd94       0xdc ./Core/Src/mrubyc/symbol.o
                0x000000000800dd94                mrbc_symbol_new
 .text.c_symbol_all_symbols
                0x000000000800de70       0xc8 ./Core/Src/mrubyc/symbol.o
 .text.c_symbol_inspect
                0x000000000800df38       0x44 ./Core/Src/mrubyc/symbol.o
 .text.c_symbol_to_s
                0x000000000800df7c       0x64 ./Core/Src/mrubyc/symbol.o
 .text.mrbc_string_compare
                0x000000000800dfe0       0x58 ./Core/Src/mrubyc/value.o
 .text.mrbc_compare
                0x000000000800e038      0x228 ./Core/Src/mrubyc/value.o
                0x000000000800e038                mrbc_compare
 .text.mrbc_atoi
                0x000000000800e260       0xb0 ./Core/Src/mrubyc/value.o
                0x000000000800e260                mrbc_atoi
 .text.mrbc_strcpy
                0x000000000800e310       0x5a ./Core/Src/mrubyc/value.o
                0x000000000800e310                mrbc_strcpy
 *fill*         0x000000000800e36a        0x2 
 .text.mrbc_incref
                0x000000000800e36c       0x68 ./Core/Src/mrubyc/vm.o
 .text.mrbc_decref
                0x000000000800e3d4       0x8c ./Core/Src/mrubyc/vm.o
 .text.mrbc_decref_empty
                0x000000000800e460       0x1c ./Core/Src/mrubyc/vm.o
 .text.mrbc_is_nested_symid
                0x000000000800e47c       0x34 ./Core/Src/mrubyc/vm.o
 .text.find_class_by_object
                0x000000000800e4b0       0xac ./Core/Src/mrubyc/vm.o
 .text.mrbc_array_size
                0x000000000800e55c       0x1a ./Core/Src/mrubyc/vm.o
 .text.mrbc_array_delete_handle
                0x000000000800e576       0x26 ./Core/Src/mrubyc/vm.o
 .text.mrbc_hash_size
                0x000000000800e59c       0x1e ./Core/Src/mrubyc/vm.o
 .text.mrbc_hash_iterator_new
                0x000000000800e5ba       0x40 ./Core/Src/mrubyc/vm.o
 .text.mrbc_hash_i_has_next
                0x000000000800e5fa       0x26 ./Core/Src/mrubyc/vm.o
 .text.mrbc_hash_i_next
                0x000000000800e620       0x28 ./Core/Src/mrubyc/vm.o
 .text.bin_to_uint32
                0x000000000800e648       0x3c ./Core/Src/mrubyc/vm.o
 .text.send_by_name
                0x000000000800e684      0x280 ./Core/Src/mrubyc/vm.o
 .text.find_catch_handler_ensure
                0x000000000800e904       0x96 ./Core/Src/mrubyc/vm.o
 *fill*         0x000000000800e99a        0x2 
 .text.mrbc_get_self
                0x000000000800e99c       0x68 ./Core/Src/mrubyc/vm.o
 .text.mrbc_get_callee_symid
                0x000000000800ea04       0x30 ./Core/Src/mrubyc/vm.o
                0x000000000800ea04                mrbc_get_callee_symid
 .text.mrbc_get_callee_name
                0x000000000800ea34       0x34 ./Core/Src/mrubyc/vm.o
                0x000000000800ea34                mrbc_get_callee_name
 .text.mrbc_push_callinfo
                0x000000000800ea68       0x84 ./Core/Src/mrubyc/vm.o
                0x000000000800ea68                mrbc_push_callinfo
 .text.mrbc_pop_callinfo
                0x000000000800eaec       0xd0 ./Core/Src/mrubyc/vm.o
                0x000000000800eaec                mrbc_pop_callinfo
 .text.mrbc_vm_new
                0x000000000800ebbc       0x58 ./Core/Src/mrubyc/vm.o
                0x000000000800ebbc                mrbc_vm_new
 .text.mrbc_vm_open
                0x000000000800ec14       0xb0 ./Core/Src/mrubyc/vm.o
                0x000000000800ec14                mrbc_vm_open
 .text.mrbc_vm_close
                0x000000000800ecc4       0x78 ./Core/Src/mrubyc/vm.o
                0x000000000800ecc4                mrbc_vm_close
 .text.mrbc_vm_begin
                0x000000000800ed3c       0xc8 ./Core/Src/mrubyc/vm.o
                0x000000000800ed3c                mrbc_vm_begin
 .text.mrbc_vm_end
                0x000000000800ee04       0x90 ./Core/Src/mrubyc/vm.o
                0x000000000800ee04                mrbc_vm_end
 .text.op_nop   0x000000000800ee94       0x16 ./Core/Src/mrubyc/vm.o
 .text.op_move  0x000000000800eeaa       0x64 ./Core/Src/mrubyc/vm.o
 .text.op_loadl
                0x000000000800ef0e       0x5a ./Core/Src/mrubyc/vm.o
 .text.op_loadi
                0x000000000800ef68       0x54 ./Core/Src/mrubyc/vm.o
 .text.op_loadineg
                0x000000000800efbc       0x56 ./Core/Src/mrubyc/vm.o
 .text.op_loadi_n
                0x000000000800f012       0x56 ./Core/Src/mrubyc/vm.o
 .text.op_loadi16
                0x000000000800f068       0x6e ./Core/Src/mrubyc/vm.o
 .text.op_loadi32
                0x000000000800f0d6       0x90 ./Core/Src/mrubyc/vm.o
 .text.op_loadsym
                0x000000000800f166       0x66 ./Core/Src/mrubyc/vm.o
 .text.op_loadnil
                0x000000000800f1cc       0x3a ./Core/Src/mrubyc/vm.o
 .text.op_loadself
                0x000000000800f206       0x58 ./Core/Src/mrubyc/vm.o
 .text.op_loadt
                0x000000000800f25e       0x3a ./Core/Src/mrubyc/vm.o
 .text.op_loadf
                0x000000000800f298       0x3a ./Core/Src/mrubyc/vm.o
 .text.op_getgv
                0x000000000800f2d2       0x82 ./Core/Src/mrubyc/vm.o
 .text.op_setgv
                0x000000000800f354       0x5c ./Core/Src/mrubyc/vm.o
 .text.op_getiv
                0x000000000800f3b0       0xa8 ./Core/Src/mrubyc/vm.o
 .text.op_setiv
                0x000000000800f458       0x90 ./Core/Src/mrubyc/vm.o
 .text.op_getconst
                0x000000000800f4e8      0x148 ./Core/Src/mrubyc/vm.o
 .text.op_setconst
                0x000000000800f630       0x84 ./Core/Src/mrubyc/vm.o
 .text.op_getmcnst
                0x000000000800f6b4       0xd0 ./Core/Src/mrubyc/vm.o
 .text.op_getupvar
                0x000000000800f784      0x108 ./Core/Src/mrubyc/vm.o
 .text.op_setupvar
                0x000000000800f88c      0x118 ./Core/Src/mrubyc/vm.o
 .text.op_getidx
                0x000000000800f9a4       0x2c ./Core/Src/mrubyc/vm.o
 .text.op_setidx
                0x000000000800f9d0       0x2c ./Core/Src/mrubyc/vm.o
 .text.op_jmp   0x000000000800f9fc       0x46 ./Core/Src/mrubyc/vm.o
 .text.op_jmpif
                0x000000000800fa42       0x64 ./Core/Src/mrubyc/vm.o
 .text.op_jmpnot
                0x000000000800faa6       0x64 ./Core/Src/mrubyc/vm.o
 .text.op_jmpnil
                0x000000000800fb0a       0x64 ./Core/Src/mrubyc/vm.o
 *fill*         0x000000000800fb6e        0x2 
 .text.op_jmpuw
                0x000000000800fb70       0xd8 ./Core/Src/mrubyc/vm.o
 .text.op_except
                0x000000000800fc48       0x4a ./Core/Src/mrubyc/vm.o
 *fill*         0x000000000800fc92        0x2 
 .text.op_rescue
                0x000000000800fc94       0xac ./Core/Src/mrubyc/vm.o
 .text.op_raiseif
                0x000000000800fd40      0x3d0 ./Core/Src/mrubyc/vm.o
 .text.op_ssend
                0x0000000008010110       0x90 ./Core/Src/mrubyc/vm.o
 .text.op_ssendb
                0x00000000080101a0       0x94 ./Core/Src/mrubyc/vm.o
 .text.op_send  0x0000000008010234       0x58 ./Core/Src/mrubyc/vm.o
 .text.op_sendb
                0x000000000801028c       0x5c ./Core/Src/mrubyc/vm.o
 .text.op_super
                0x00000000080102e8      0x318 ./Core/Src/mrubyc/vm.o
 .text.op_argary
                0x0000000008010600      0x250 ./Core/Src/mrubyc/vm.o
 .text.op_enter
                0x0000000008010850      0x4d0 ./Core/Src/mrubyc/vm.o
 .text.op_key_p
                0x0000000008010d20       0x82 ./Core/Src/mrubyc/vm.o
 *fill*         0x0000000008010da2        0x2 
 .text.op_keyend
                0x0000000008010da4       0x64 ./Core/Src/mrubyc/vm.o
 .text.op_karg  0x0000000008010e08       0xa8 ./Core/Src/mrubyc/vm.o
 .text.op_return__sub
                0x0000000008010eb0      0x11c ./Core/Src/mrubyc/vm.o
 .text.op_return
                0x0000000008010fcc       0x2c ./Core/Src/mrubyc/vm.o
 .text.op_return_blk
                0x0000000008010ff8      0x138 ./Core/Src/mrubyc/vm.o
 .text.op_break
                0x0000000008011130      0x130 ./Core/Src/mrubyc/vm.o
 .text.op_blkpush
                0x0000000008011260      0x130 ./Core/Src/mrubyc/vm.o
 .text.op_add   0x0000000008011390      0x162 ./Core/Src/mrubyc/vm.o
 *fill*         0x00000000080114f2        0x2 
 .text.op_addi  0x00000000080114f4       0xac ./Core/Src/mrubyc/vm.o
 .text.op_sub   0x00000000080115a0      0x162 ./Core/Src/mrubyc/vm.o
 *fill*         0x0000000008011702        0x2 
 .text.op_subi  0x0000000008011704       0xac ./Core/Src/mrubyc/vm.o
 .text.op_mul   0x00000000080117b0      0x164 ./Core/Src/mrubyc/vm.o
 .text.op_div   0x0000000008011914      0x184 ./Core/Src/mrubyc/vm.o
 .text.op_eq    0x0000000008011a98       0x7c ./Core/Src/mrubyc/vm.o
 .text.op_lt    0x0000000008011b14       0x7c ./Core/Src/mrubyc/vm.o
 .text.op_le    0x0000000008011b90       0x7c ./Core/Src/mrubyc/vm.o
 .text.op_gt    0x0000000008011c0c       0x7c ./Core/Src/mrubyc/vm.o
 .text.op_ge    0x0000000008011c88       0x7c ./Core/Src/mrubyc/vm.o
 .text.op_array
                0x0000000008011d04       0x98 ./Core/Src/mrubyc/vm.o
 .text.op_array2
                0x0000000008011d9c       0xc2 ./Core/Src/mrubyc/vm.o
 *fill*         0x0000000008011e5e        0x2 
 .text.op_arycat
                0x0000000008011e60      0x194 ./Core/Src/mrubyc/vm.o
 .text.op_arypush
                0x0000000008011ff4       0xb0 ./Core/Src/mrubyc/vm.o
 .text.op_arydup
                0x00000000080120a4       0x56 ./Core/Src/mrubyc/vm.o
 .text.op_aref  0x00000000080120fa       0x9e ./Core/Src/mrubyc/vm.o
 .text.op_aset  0x0000000008012198       0x8c ./Core/Src/mrubyc/vm.o
 .text.op_apost
                0x0000000008012224      0x160 ./Core/Src/mrubyc/vm.o
 .text.op_intern
                0x0000000008012384       0x84 ./Core/Src/mrubyc/vm.o
 .text.op_symbol
                0x0000000008012408       0xa8 ./Core/Src/mrubyc/vm.o
 .text.op_string
                0x00000000080124b0       0x5a ./Core/Src/mrubyc/vm.o
 .text.op_strcat
                0x000000000801250a       0x8a ./Core/Src/mrubyc/vm.o
 .text.op_hash  0x0000000008012594       0x9e ./Core/Src/mrubyc/vm.o
 .text.op_hashadd
                0x0000000008012632       0xb6 ./Core/Src/mrubyc/vm.o
 .text.op_hashcat
                0x00000000080126e8       0x7a ./Core/Src/mrubyc/vm.o
 .text.op_method
                0x0000000008012762       0x80 ./Core/Src/mrubyc/vm.o
 .text.op_range_inc
                0x00000000080127e2       0x64 ./Core/Src/mrubyc/vm.o
 .text.op_range_exc
                0x0000000008012846       0x64 ./Core/Src/mrubyc/vm.o
 *fill*         0x00000000080128aa        0x2 
 .text.op_oclass
                0x00000000080128ac       0x4c ./Core/Src/mrubyc/vm.o
 .text.op_class
                0x00000000080128f8      0x118 ./Core/Src/mrubyc/vm.o
 .text.op_exec  0x0000000008012a10       0xac ./Core/Src/mrubyc/vm.o
 .text.op_def   0x0000000008012abc      0x15c ./Core/Src/mrubyc/vm.o
 .text.op_alias
                0x0000000008012c18      0x100 ./Core/Src/mrubyc/vm.o
 .text.op_sclass
                0x0000000008012d18       0x24 ./Core/Src/mrubyc/vm.o
 .text.op_tclass
                0x0000000008012d3c       0x48 ./Core/Src/mrubyc/vm.o
 .text.op_ext   0x0000000008012d84       0x24 ./Core/Src/mrubyc/vm.o
 .text.op_stop  0x0000000008012da8       0x26 ./Core/Src/mrubyc/vm.o
 *fill*         0x0000000008012dce        0x2 
 .text.op_unsupported
                0x0000000008012dd0       0x2c ./Core/Src/mrubyc/vm.o
 .text.mrbc_vm_run
                0x0000000008012dfc      0x664 ./Core/Src/mrubyc/vm.o
                0x0000000008012dfc                mrbc_vm_run
 .text.Reset_Handler
                0x0000000008013460       0x50 ./Core/Startup/startup_stm32f401retx.o
                0x0000000008013460                Reset_Handler
 .text.Default_Handler
                0x00000000080134b0        0x2 ./Core/Startup/startup_stm32f401retx.o
                0x00000000080134b0                RTC_Alarm_IRQHandler
                0x00000000080134b0                EXTI2_IRQHandler
                0x00000000080134b0                SPI4_IRQHandler
                0x00000000080134b0                TIM1_CC_IRQHandler
                0x00000000080134b0                DMA2_Stream5_IRQHandler
                0x00000000080134b0                DMA1_Stream5_IRQHandler
                0x00000000080134b0                PVD_IRQHandler
                0x00000000080134b0                SDIO_IRQHandler
                0x00000000080134b0                TAMP_STAMP_IRQHandler
                0x00000000080134b0                EXTI3_IRQHandler
                0x00000000080134b0                TIM1_UP_TIM10_IRQHandler
                0x00000000080134b0                I2C3_ER_IRQHandler
                0x00000000080134b0                EXTI0_IRQHandler
                0x00000000080134b0                I2C2_EV_IRQHandler
                0x00000000080134b0                DMA1_Stream2_IRQHandler
                0x00000000080134b0                FPU_IRQHandler
                0x00000000080134b0                DMA2_Stream2_IRQHandler
                0x00000000080134b0                SPI1_IRQHandler
                0x00000000080134b0                TIM1_BRK_TIM9_IRQHandler
                0x00000000080134b0                DMA2_Stream3_IRQHandler
                0x00000000080134b0                USART6_IRQHandler
                0x00000000080134b0                DMA2_Stream0_IRQHandler
                0x00000000080134b0                TIM4_IRQHandler
                0x00000000080134b0                I2C1_EV_IRQHandler
                0x00000000080134b0                DMA1_Stream6_IRQHandler
                0x00000000080134b0                DMA1_Stream1_IRQHandler
                0x00000000080134b0                TIM3_IRQHandler
                0x00000000080134b0                RCC_IRQHandler
                0x00000000080134b0                Default_Handler
                0x00000000080134b0                EXTI15_10_IRQHandler
                0x00000000080134b0                ADC_IRQHandler
                0x00000000080134b0                DMA1_Stream7_IRQHandler
                0x00000000080134b0                TIM5_IRQHandler
                0x00000000080134b0                DMA2_Stream7_IRQHandler
                0x00000000080134b0                I2C3_EV_IRQHandler
                0x00000000080134b0                EXTI9_5_IRQHandler
                0x00000000080134b0                RTC_WKUP_IRQHandler
                0x00000000080134b0                SPI2_IRQHandler
                0x00000000080134b0                DMA1_Stream0_IRQHandler
                0x00000000080134b0                EXTI4_IRQHandler
                0x00000000080134b0                WWDG_IRQHandler
                0x00000000080134b0                OTG_FS_WKUP_IRQHandler
                0x00000000080134b0                TIM1_TRG_COM_TIM11_IRQHandler
                0x00000000080134b0                EXTI1_IRQHandler
                0x00000000080134b0                USART2_IRQHandler
                0x00000000080134b0                I2C2_ER_IRQHandler
                0x00000000080134b0                DMA2_Stream1_IRQHandler
                0x00000000080134b0                FLASH_IRQHandler
                0x00000000080134b0                DMA2_Stream4_IRQHandler
                0x00000000080134b0                USART1_IRQHandler
                0x00000000080134b0                OTG_FS_IRQHandler
                0x00000000080134b0                SPI3_IRQHandler
                0x00000000080134b0                DMA1_Stream4_IRQHandler
                0x00000000080134b0                I2C1_ER_IRQHandler
                0x00000000080134b0                DMA2_Stream6_IRQHandler
                0x00000000080134b0                DMA1_Stream3_IRQHandler
 *fill*         0x00000000080134b2        0x2 
 .text.HAL_Init
                0x00000000080134b4       0x44 ./Drivers/STM32F4xx_HAL_Driver/Src/stm32f4xx_hal.o
                0x00000000080134b4                HAL_Init
 .text.HAL_InitTick
                0x00000000080134f8       0x60 ./Drivers/STM32F4xx_HAL_Driver/Src/stm32f4xx_hal.o
                0x00000000080134f8                HAL_InitTick
 .text.HAL_IncTick
                0x0000000008013558       0x28 ./Drivers/STM32F4xx_HAL_Driver/Src/stm32f4xx_hal.o
                0x0000000008013558                HAL_IncTick
 .text.HAL_GetTick
                0x0000000008013580       0x18 ./Drivers/STM32F4xx_HAL_Driver/Src/stm32f4xx_hal.o
                0x0000000008013580                HAL_GetTick
 .text.HAL_Delay
                0x0000000008013598       0x48 ./Drivers/STM32F4xx_HAL_Driver/Src/stm32f4xx_hal.o
                0x0000000008013598                HAL_Delay
 .text.HAL_SuspendTick
                0x00000000080135e0       0x20 ./Drivers/STM32F4xx_HAL_Driver/Src/stm32f4xx_hal.o
                0x00000000080135e0                HAL_SuspendTick
 .text.__NVIC_SetPriorityGrouping
                0x0000000008013600       0x48 ./Drivers/STM32F4xx_HAL_Driver/Src/stm32f4xx_hal_cortex.o
 .text.__NVIC_GetPriorityGrouping
                0x0000000008013648       0x1c ./Drivers/STM32F4xx_HAL_Driver/Src/stm32f4xx_hal_cortex.o
 .text.__NVIC_EnableIRQ
                0x0000000008013664       0x3c ./Drivers/STM32F4xx_HAL_Driver/Src/stm32f4xx_hal_cortex.o
 .text.__NVIC_SetPriority
                0x00000000080136a0       0x54 ./Drivers/STM32F4xx_HAL_Driver/Src/stm32f4xx_hal_cortex.o
 .text.NVIC_EncodePriority
                0x00000000080136f4       0x66 ./Drivers/STM32F4xx_HAL_Driver/Src/stm32f4xx_hal_cortex.o
 *fill*         0x000000000801375a        0x2 
 .text.SysTick_Config
                0x000000000801375c       0x44 ./Drivers/STM32F4xx_HAL_Driver/Src/stm32f4xx_hal_cortex.o
 .text.HAL_NVIC_SetPriorityGrouping
                0x00000000080137a0       0x16 ./Drivers/STM32F4xx_HAL_Driver/Src/stm32f4xx_hal_cortex.o
                0x00000000080137a0                HAL_NVIC_SetPriorityGrouping
 .text.HAL_NVIC_SetPriority
                0x00000000080137b6       0x38 ./Drivers/STM32F4xx_HAL_Driver/Src/stm32f4xx_hal_cortex.o
                0x00000000080137b6                HAL_NVIC_SetPriority
 .text.HAL_NVIC_EnableIRQ
                0x00000000080137ee       0x1c ./Drivers/STM32F4xx_HAL_Driver/Src/stm32f4xx_hal_cortex.o
                0x00000000080137ee                HAL_NVIC_EnableIRQ
 .text.HAL_SYSTICK_Config
                0x000000000801380a       0x18 ./Drivers/STM32F4xx_HAL_Driver/Src/stm32f4xx_hal_cortex.o
                0x000000000801380a                HAL_SYSTICK_Config
 *fill*         0x0000000008013822        0x2 
 .text.HAL_GPIO_Init
                0x0000000008013824      0x308 ./Drivers/STM32F4xx_HAL_Driver/Src/stm32f4xx_hal_gpio.o
                0x0000000008013824                HAL_GPIO_Init
 .text.HAL_GPIO_WritePin
                0x0000000008013b2c       0x32 ./Drivers/STM32F4xx_HAL_Driver/Src/stm32f4xx_hal_gpio.o
                0x0000000008013b2c                HAL_GPIO_WritePin
 *fill*         0x0000000008013b5e        0x2 
 .text.HAL_PWR_EnterSTOPMode
                0x0000000008013b60       0x60 ./Drivers/STM32F4xx_HAL_Driver/Src/stm32f4xx_hal_pwr.o
                0x0000000008013b60                HAL_PWR_EnterSTOPMode
 .text.HAL_RCC_OscConfig
                0x0000000008013bc0      0x4f0 ./Drivers/STM32F4xx_HAL_Driver/Src/stm32f4xx_hal_rcc.o
                0x0000000008013bc0                HAL_RCC_OscConfig
 .text.HAL_RCC_ClockConfig
                0x00000000080140b0      0x1cc ./Drivers/STM32F4xx_HAL_Driver/Src/stm32f4xx_hal_rcc.o
                0x00000000080140b0                HAL_RCC_ClockConfig
 .text.HAL_RCC_GetSysClockFreq
                0x000000000801427c      0x20c ./Drivers/STM32F4xx_HAL_Driver/Src/stm32f4xx_hal_rcc.o
                0x000000000801427c                HAL_RCC_GetSysClockFreq
 .text.HAL_RCC_GetHCLKFreq
                0x0000000008014488       0x18 ./Drivers/STM32F4xx_HAL_Driver/Src/stm32f4xx_hal_rcc.o
                0x0000000008014488                HAL_RCC_GetHCLKFreq
 .text.HAL_RCC_GetPCLK1Freq
                0x00000000080144a0       0x28 ./Drivers/STM32F4xx_HAL_Driver/Src/stm32f4xx_hal_rcc.o
                0x00000000080144a0                HAL_RCC_GetPCLK1Freq
 .text.HAL_RCC_GetPCLK2Freq
                0x00000000080144c8       0x28 ./Drivers/STM32F4xx_HAL_Driver/Src/stm32f4xx_hal_rcc.o
                0x00000000080144c8                HAL_RCC_GetPCLK2Freq
 .text.HAL_TIM_Base_Init
                0x00000000080144f0       0x9e ./Drivers/STM32F4xx_HAL_Driver/Src/stm32f4xx_hal_tim.o
                0x00000000080144f0                HAL_TIM_Base_Init
 *fill*         0x000000000801458e        0x2 
 .text.HAL_TIM_Base_Start_IT
                0x0000000008014590       0xc4 ./Drivers/STM32F4xx_HAL_Driver/Src/stm32f4xx_hal_tim.o
                0x0000000008014590                HAL_TIM_Base_Start_IT
 .text.HAL_TIM_IRQHandler
                0x0000000008014654      0x1e0 ./Drivers/STM32F4xx_HAL_Driver/Src/stm32f4xx_hal_tim.o
                0x0000000008014654                HAL_TIM_IRQHandler
 .text.HAL_TIM_ConfigClockSource
                0x0000000008014834      0x18e ./Drivers/STM32F4xx_HAL_Driver/Src/stm32f4xx_hal_tim.o
                0x0000000008014834                HAL_TIM_ConfigClockSource
 .text.HAL_TIM_PeriodElapsedCallback
                0x00000000080149c2       0x14 ./Drivers/STM32F4xx_HAL_Driver/Src/stm32f4xx_hal_tim.o
                0x00000000080149c2                HAL_TIM_PeriodElapsedCallback
 .text.HAL_TIM_OC_DelayElapsedCallback
                0x00000000080149d6       0x14 ./Drivers/STM32F4xx_HAL_Driver/Src/stm32f4xx_hal_tim.o
                0x00000000080149d6                HAL_TIM_OC_DelayElapsedCallback
 .text.HAL_TIM_IC_CaptureCallback
                0x00000000080149ea       0x14 ./Drivers/STM32F4xx_HAL_Driver/Src/stm32f4xx_hal_tim.o
                0x00000000080149ea                HAL_TIM_IC_CaptureCallback
 .text.HAL_TIM_PWM_PulseFinishedCallback
                0x00000000080149fe       0x14 ./Drivers/STM32F4xx_HAL_Driver/Src/stm32f4xx_hal_tim.o
                0x00000000080149fe                HAL_TIM_PWM_PulseFinishedCallback
 .text.HAL_TIM_TriggerCallback
                0x0000000008014a12       0x14 ./Drivers/STM32F4xx_HAL_Driver/Src/stm32f4xx_hal_tim.o
                0x0000000008014a12                HAL_TIM_TriggerCallback
 *fill*         0x0000000008014a26        0x2 
 .text.TIM_Base_SetConfig
                0x0000000008014a28      0x118 ./Drivers/STM32F4xx_HAL_Driver/Src/stm32f4xx_hal_tim.o
                0x0000000008014a28                TIM_Base_SetConfig
 .text.TIM_TI1_ConfigInputStage
                0x0000000008014b40       0x5e ./Drivers/STM32F4xx_HAL_Driver/Src/stm32f4xx_hal_tim.o
 .text.TIM_TI2_ConfigInputStage
                0x0000000008014b9e       0x60 ./Drivers/STM32F4xx_HAL_Driver/Src/stm32f4xx_hal_tim.o
 .text.TIM_ITRx_SetConfig
                0x0000000008014bfe       0x36 ./Drivers/STM32F4xx_HAL_Driver/Src/stm32f4xx_hal_tim.o
 .text.TIM_ETR_SetConfig
                0x0000000008014c34       0x40 ./Drivers/STM32F4xx_HAL_Driver/Src/stm32f4xx_hal_tim.o
                0x0000000008014c34                TIM_ETR_SetConfig
 .text.HAL_TIMEx_MasterConfigSynchronization
                0x0000000008014c74       0xdc ./Drivers/STM32F4xx_HAL_Driver/Src/stm32f4xx_hal_tim_ex.o
                0x0000000008014c74                HAL_TIMEx_MasterConfigSynchronization
 .text.HAL_TIMEx_CommutCallback
                0x0000000008014d50       0x14 ./Drivers/STM32F4xx_HAL_Driver/Src/stm32f4xx_hal_tim_ex.o
                0x0000000008014d50                HAL_TIMEx_CommutCallback
 .text.HAL_TIMEx_BreakCallback
                0x0000000008014d64       0x14 ./Drivers/STM32F4xx_HAL_Driver/Src/stm32f4xx_hal_tim_ex.o
                0x0000000008014d64                HAL_TIMEx_BreakCallback
 .text.HAL_UART_Init
                0x0000000008014d78       0xa0 ./Drivers/STM32F4xx_HAL_Driver/Src/stm32f4xx_hal_uart.o
                0x0000000008014d78                HAL_UART_Init
 .text.HAL_UART_Transmit
                0x0000000008014e18      0x116 ./Drivers/STM32F4xx_HAL_Driver/Src/stm32f4xx_hal_uart.o
                0x0000000008014e18                HAL_UART_Transmit