../Core/Inc/mrubyc/value.h:447:20:mrbc_incref	16	static
../Core/Inc/mrubyc/value.h:462:20:mrbc_decref	16	static
../Core/Inc/mrubyc/value.h:480:20:mrbc_decref_empty	16	static
../Core/Inc/mrubyc/c_string.h:81:26:mrbc_string_new_cstr	24	static
../Core/Inc/mrubyc/c_string.h:124:19:mrbc_string_append_cstr	16	static
../Core/Inc/mrubyc/c_array.h:76:19:mrbc_array_size	16	static
../Core/Inc/mrubyc/c_array.h:85:20:mrbc_array_delete_handle	24	static
../Core/Src/mrubyc/c_array.c:82:12:mrbc_array_new	56	static
../Core/Src/mrubyc/c_array.c:113:6:mrbc_array_delete	32	static
../Core/Src/mrubyc/c_array.c:155:5:mrbc_array_resize	24	static
../Core/Src/mrubyc/c_array.c:177:5:mrbc_array_set	56	static
../Core/Src/mrubyc/c_array.c:216:12:mrbc_array_get	48	static
../Core/Src/mrubyc/c_array.c:234:5:mrbc_array_push	32	static
../Core/Src/mrubyc/c_array.c:256:5:mrbc_array_push_m	32	static
../Core/Src/mrubyc/c_array.c:281:12:mrbc_array_pop	40	static
../Core/Src/mrubyc/c_array.c:297:5:mrbc_array_unshift	16	static
../Core/Src/mrubyc/c_array.c:309:12:mrbc_array_shift	64	static
../Core/Src/mrubyc/c_array.c:330:5:mrbc_array_insert	64	static
../Core/Src/mrubyc/c_array.c:380:12:mrbc_array_remove	72	static
../Core/Src/mrubyc/c_array.c:403:6:mrbc_array_clear	32	static
../Core/Src/mrubyc/c_array.c:426:5:mrbc_array_compare	32	static
../Core/Src/mrubyc/c_array.c:447:6:mrbc_array_minmax	40	static
../Core/Src/mrubyc/c_array.c:482:12:mrbc_array_dup	64	static
../Core/Src/mrubyc/c_array.c:514:12:mrbc_array_divide	64	static
../Core/Src/mrubyc/c_array.c:541:5:mrbc_array_include	24	static
../Core/Src/mrubyc/c_array.c:555:13:c_array_new	160	static
../Core/Src/mrubyc/c_array.c:610:13:c_array_add	80	static
../Core/Src/mrubyc/c_array.c:643:13:c_array_get	168	static
../Core/Src/mrubyc/c_array.c:714:13:c_array_set	72	static
../Core/Src/mrubyc/c_array.c:781:13:c_array_clear	24	static
../Core/Src/mrubyc/c_array.c:790:13:c_array_delete_at	64	static
../Core/Src/mrubyc/c_array.c:804:13:c_array_empty	32	static
../Core/Src/mrubyc/c_array.c:819:13:c_array_size	32	static
../Core/Src/mrubyc/c_array.c:830:13:c_array_include	32	static
../Core/Src/mrubyc/c_array.c:839:13:c_array_and	72	static
../Core/Src/mrubyc/c_array.c:861:13:c_array_or	80	static
../Core/Src/mrubyc/c_array.c:890:13:c_array_first	64	static
../Core/Src/mrubyc/c_array.c:901:13:c_array_last	64	static
../Core/Src/mrubyc/c_array.c:912:13:c_array_push	24	static
../Core/Src/mrubyc/c_array.c:922:13:c_array_pop	104	static
../Core/Src/mrubyc/c_array.c:950:13:c_array_unshift	24	static
../Core/Src/mrubyc/c_array.c:960:13:c_array_shift	112	static
../Core/Src/mrubyc/c_array.c:998:13:c_array_dup	48	static
../Core/Src/mrubyc/c_array.c:1007:13:c_array_min	56	static
../Core/Src/mrubyc/c_array.c:1027:13:c_array_max	56	static
../Core/Src/mrubyc/c_array.c:1047:13:c_array_minmax	104	static
../Core/Src/mrubyc/c_array.c:1072:13:c_array_inspect	136	static
../Core/Src/mrubyc/c_array.c:1105:13:c_array_join_1	64	static
../Core/Src/mrubyc/c_array.c:1125:13:c_array_join	96	static
