../Core/Inc/mrubyc/value.h:447:20:mrbc_incref	16	static
../Core/Inc/mrubyc/value.h:462:20:mrbc_decref	16	static
../Core/Inc/mrubyc/c_string.h:81:26:mrbc_string_new_cstr	24	static
../Core/Inc/mrubyc/c_string.h:124:19:mrbc_string_append_cstr	16	static
../Core/Inc/mrubyc/c_hash.h:84:19:mrbc_hash_size	16	static
../Core/Inc/mrubyc/c_hash.h:109:34:mrbc_hash_iterator_new	32	static
../Core/Inc/mrubyc/c_hash.h:122:19:mrbc_hash_i_has_next	16	static
../Core/Inc/mrubyc/c_hash.h:130:27:mrbc_hash_i_next	24	static
../Core/Src/mrubyc/c_hash.c:84:12:mrbc_hash_new	56	static
../Core/Src/mrubyc/c_hash.c:115:6:mrbc_hash_delete	16	static
../Core/Src/mrubyc/c_hash.c:130:14:mrbc_hash_search	24	static
../Core/Src/mrubyc/c_hash.c:152:14:mrbc_hash_search_by_id	24	static
../Core/Src/mrubyc/c_hash.c:175:5:mrbc_hash_set	40	static
../Core/Src/mrubyc/c_hash.c:204:12:mrbc_hash_get	56	static
../Core/Src/mrubyc/c_hash.c:218:12:mrbc_hash_remove	72	static
../Core/Src/mrubyc/c_hash.c:246:12:mrbc_hash_remove_by_id	72	static
../Core/Src/mrubyc/c_hash.c:269:6:mrbc_hash_clear	16	static
../Core/Src/mrubyc/c_hash.c:285:5:mrbc_hash_compare	32	static
../Core/Src/mrubyc/c_hash.c:307:12:mrbc_hash_dup	64	static
../Core/Src/mrubyc/c_hash.c:333:13:c_hash_new	64	static
../Core/Src/mrubyc/c_hash.c:343:13:c_hash_get	64	static
../Core/Src/mrubyc/c_hash.c:359:13:c_hash_set	32	static
../Core/Src/mrubyc/c_hash.c:377:13:c_hash_clear	24	static
../Core/Src/mrubyc/c_hash.c:386:13:c_hash_dup	64	static
../Core/Src/mrubyc/c_hash.c:397:13:c_hash_delete	64	static
../Core/Src/mrubyc/c_hash.c:412:13:c_hash_empty	32	static
../Core/Src/mrubyc/c_hash.c:427:13:c_hash_has_key	32	static
../Core/Src/mrubyc/c_hash.c:442:13:c_hash_has_value	48	static
../Core/Src/mrubyc/c_hash.c:466:13:c_hash_key	72	static
../Core/Src/mrubyc/c_hash.c:491:13:c_hash_keys	88	static
../Core/Src/mrubyc/c_hash.c:509:13:c_hash_size	32	static
../Core/Src/mrubyc/c_hash.c:520:13:c_hash_merge	88	static
../Core/Src/mrubyc/c_hash.c:539:13:c_hash_merge_self	40	static
../Core/Src/mrubyc/c_hash.c:555:13:c_hash_values	88	static
../Core/Src/mrubyc/c_hash.c:574:13:c_hash_inspect	136	static
