../Core/Inc/mrubyc/value.h:447:20:mrbc_incref	16	static
../Core/Inc/mrubyc/value.h:462:20:mrbc_decref	16	static
../Core/Inc/mrubyc/value.h:480:20:mrbc_decref_empty	16	static
../Core/Inc/mrubyc/symbol.h:60:19:mrbc_is_nested_symid	24	static
../Core/Inc/mrubyc/class.h:189:27:find_class_by_object	24	static
../Core/Inc/mrubyc/c_array.h:76:19:mrbc_array_size	16	static
../Core/Inc/mrubyc/c_array.h:85:20:mrbc_array_delete_handle	24	static
../Core/Inc/mrubyc/c_hash.h:84:19:mrbc_hash_size	16	static
../Core/Inc/mrubyc/c_hash.h:109:34:mrbc_hash_iterator_new	32	static
../Core/Inc/mrubyc/c_hash.h:122:19:mrbc_hash_i_has_next	16	static
../Core/Inc/mrubyc/c_hash.h:130:27:mrbc_hash_i_next	24	static
../Core/Inc/mrubyc/vm.h:242:24:bin_to_uint32	24	static
../Core/Src/mrubyc/vm.c:66:13:send_by_name	136	static
../Core/Src/mrubyc/vm.c:152:39:find_catch_handler_ensure	40	static
../Core/Src/mrubyc/vm.c:179:21:mrbc_get_self	24	static
../Core/Src/mrubyc/vm.c:201:6:mrbc_cleanup_vm	4	static
../Core/Src/mrubyc/vm.c:213:10:mrbc_get_callee_symid	24	static
../Core/Src/mrubyc/vm.c:230:13:mrbc_get_callee_name	24	static
../Core/Src/mrubyc/vm.c:240:17:mrbc_push_callinfo	32	static
../Core/Src/mrubyc/vm.c:267:6:mrbc_pop_callinfo	48	static
../Core/Src/mrubyc/vm.c:312:11:mrbc_vm_new	24	static
../Core/Src/mrubyc/vm.c:334:11:mrbc_vm_open	32	static
../Core/Src/mrubyc/vm.c:366:6:mrbc_vm_close	24	static
../Core/Src/mrubyc/vm.c:384:6:mrbc_vm_begin	80	static
../Core/Src/mrubyc/vm.c:410:6:mrbc_vm_end	24	static
../Core/Src/mrubyc/vm.c:452:20:op_nop	16	static
../Core/Src/mrubyc/vm.c:463:20:op_move	32	static
../Core/Src/mrubyc/vm.c:478:20:op_loadl	48	static
../Core/Src/mrubyc/vm.c:492:20:op_loadi	24	static
../Core/Src/mrubyc/vm.c:506:20:op_loadineg	24	static
../Core/Src/mrubyc/vm.c:520:20:op_loadi_n	32	static
../Core/Src/mrubyc/vm.c:538:20:op_loadi16	32	static
../Core/Src/mrubyc/vm.c:553:20:op_loadi32	32	static
../Core/Src/mrubyc/vm.c:567:20:op_loadsym	24	static
../Core/Src/mrubyc/vm.c:581:20:op_loadnil	24	static
../Core/Src/mrubyc/vm.c:595:20:op_loadself	32	static
../Core/Src/mrubyc/vm.c:610:20:op_loadt	24	static
../Core/Src/mrubyc/vm.c:624:20:op_loadf	24	static
../Core/Src/mrubyc/vm.c:638:20:op_getgv	40	static
../Core/Src/mrubyc/vm.c:658:20:op_setgv	24	static
../Core/Src/mrubyc/vm.c:672:20:op_getiv	64	static
../Core/Src/mrubyc/vm.c:694:20:op_setiv	40	static
../Core/Src/mrubyc/vm.c:715:20:op_getconst	48	static
../Core/Src/mrubyc/vm.c:771:20:op_setconst	32	static
../Core/Src/mrubyc/vm.c:791:20:op_getmcnst	56	static
../Core/Src/mrubyc/vm.c:822:20:op_getupvar	56	static
../Core/Src/mrubyc/vm.c:855:20:op_setupvar	56	static
../Core/Src/mrubyc/vm.c:887:20:op_getidx	24	static
../Core/Src/mrubyc/vm.c:900:20:op_setidx	24	static
../Core/Src/mrubyc/vm.c:913:20:op_jmp	24	static
../Core/Src/mrubyc/vm.c:926:20:op_jmpif	24	static
../Core/Src/mrubyc/vm.c:941:20:op_jmpnot	24	static
../Core/Src/mrubyc/vm.c:956:20:op_jmpnil	24	static
../Core/Src/mrubyc/vm.c:971:20:op_jmpuw	40	static
../Core/Src/mrubyc/vm.c:1005:20:op_except	32	static
../Core/Src/mrubyc/vm.c:1020:20:op_rescue	32	static
../Core/Src/mrubyc/vm.c:1037:20:op_raiseif	128	static
../Core/Src/mrubyc/vm.c:1190:20:op_ssend	40	static
../Core/Src/mrubyc/vm.c:1208:20:op_ssendb	40	static
../Core/Src/mrubyc/vm.c:1226:20:op_send	32	static
../Core/Src/mrubyc/vm.c:1239:20:op_sendb	32	static
../Core/Src/mrubyc/vm.c:1252:20:op_super	160	static
../Core/Src/mrubyc/vm.c:1354:20:op_argary	112	static
../Core/Src/mrubyc/vm.c:1423:20:op_enter	168	static
../Core/Src/mrubyc/vm.c:1568:20:op_key_p	40	static
../Core/Src/mrubyc/vm.c:1586:20:op_keyend	40	static
../Core/Src/mrubyc/vm.c:1607:20:op_karg	56	static
../Core/Src/mrubyc/vm.c:1629:20:op_return__sub	40	static
../Core/Src/mrubyc/vm.c:1677:20:op_return	24	static
../Core/Src/mrubyc/vm.c:1690:20:op_return_blk	48	static
../Core/Src/mrubyc/vm.c:1744:20:op_break	56	static
../Core/Src/mrubyc/vm.c:1790:20:op_blkpush	64	static
../Core/Src/mrubyc/vm.c:1834:20:op_add	40	static
../Core/Src/mrubyc/vm.c:1872:20:op_addi	40	static
../Core/Src/mrubyc/vm.c:1897:20:op_sub	40	static
../Core/Src/mrubyc/vm.c:1935:20:op_subi	40	static
../Core/Src/mrubyc/vm.c:1960:20:op_mul	40	static
../Core/Src/mrubyc/vm.c:1998:20:op_div	40	static
../Core/Src/mrubyc/vm.c:2040:20:op_eq	24	static
../Core/Src/mrubyc/vm.c:2061:20:op_lt	24	static
../Core/Src/mrubyc/vm.c:2082:20:op_le	24	static
../Core/Src/mrubyc/vm.c:2103:20:op_gt	24	static
../Core/Src/mrubyc/vm.c:2124:20:op_ge	24	static
../Core/Src/mrubyc/vm.c:2145:20:op_array	48	static
../Core/Src/mrubyc/vm.c:2166:20:op_array2	56	static
../Core/Src/mrubyc/vm.c:2189:20:op_arycat	48	static
../Core/Src/mrubyc/vm.c:2227:20:op_arypush	32	static
../Core/Src/mrubyc/vm.c:2248:20:op_arydup	48	static
../Core/Src/mrubyc/vm.c:2263:20:op_aref	64	static
../Core/Src/mrubyc/vm.c:2293:20:op_aset	32	static
../Core/Src/mrubyc/vm.c:2309:20:op_apost	88	static
../Core/Src/mrubyc/vm.c:2350:20:op_intern	48	static
../Core/Src/mrubyc/vm.c:2368:20:op_symbol	48	static
../Core/Src/mrubyc/vm.c:2389:20:op_string	48	static
../Core/Src/mrubyc/vm.c:2403:20:op_strcat	32	static
../Core/Src/mrubyc/vm.c:2429:20:op_hash	48	static
../Core/Src/mrubyc/vm.c:2452:20:op_hashadd	40	static
../Core/Src/mrubyc/vm.c:2475:20:op_hashcat	40	static
../Core/Src/mrubyc/vm.c:2496:20:op_method	48	static
../Core/Src/mrubyc/vm.c:2514:20:op_range_inc	56	static
../Core/Src/mrubyc/vm.c:2529:20:op_range_exc	56	static
../Core/Src/mrubyc/vm.c:2544:20:op_oclass	24	static
../Core/Src/mrubyc/vm.c:2559:20:op_class	48	static
../Core/Src/mrubyc/vm.c:2605:20:op_exec	24	static
../Core/Src/mrubyc/vm.c:2627:20:op_def	48	static
../Core/Src/mrubyc/vm.c:2675:20:op_alias	40	static
../Core/Src/mrubyc/vm.c:2715:20:op_sclass	24	static
../Core/Src/mrubyc/vm.c:2727:20:op_tclass	24	static
../Core/Src/mrubyc/vm.c:2745:20:op_ext	16	static
../Core/Src/mrubyc/vm.c:2759:20:op_stop	16	static
../Core/Src/mrubyc/vm.c:2771:20:op_unsupported	16	static
../Core/Src/mrubyc/vm.c:2787:5:mrbc_vm_run	56	static
